
[7m[1m[36m NX [39m[22m[27m  [36mRunning target [1mserve[22m for 2 projects and [1m2[22m tasks they depend on:[39m

[2m-[22m quetzaltic-api
[2m-[22m quetzaltic-ui

[2m[36m[39m[22m

[2m> [22m[2mnx run[22m quetzaltic-ui:serve:development


[2m> [22m[2mnx run[22m guardian-core:build

Compiling TypeScript files for project "guardian-core"...
Done compiling TypeScript files for project "guardian-core".
[33mÔØ»[39m Building...
[32mÔ£ö[39m Building...
[37m[1mInitial chunk files[22m[2m | [22m[1mNames[22m        [2m | [22m [1mRaw size[22m
[32mmain.js[37m            [2m | [22m[2mmain[22m         [2m | [22m[36m322.80 kB[37m[2m | [22m
[32mstyles.css[37m         [2m | [22m[2mstyles[22m       [2m | [22m [36m37.64 kB[37m[2m | [22m
[1m [22m                  [2m | [22m[1mInitial total[22m[2m | [22m[1m360.44 kB[22m
Application bundle generation complete. [12.605 seconds] - 2026-03-23T20:58:16.489Z
[39m
node.exe : 
[1m[33m[33mÔû▓ [43;
33m[[43;30mWARNING[43
;33m][0m [1mNG8107: 
NG8107: The left side 
of this optional chain 
operation does not 
include 'null' or 
'undefined' in its 
type, therefore the 
'?.' operator can be 
replaced with the '.' 
operator. Find more at 
https://v21.angular.dev
/extended-diagnostics/N
G8107[0m 
[1m[35m[plugin 
angular-compiler][0m
En línea: 1 Carácter: 1
+ & "C:\Program 
Files\nodejs/node.exe" 
"C:\Program 
Files\nodejs/node_mo 
...
+ ~~~~~~~~~~~~~~~~~~~~~
~~~~~~~~~~~~~~~~~~~~~~~
~~~~~~~~~~~~~~~~~~~~~~~
~~
    + CategoryInfo     
         : NotSpecifi  
  ed: ([1m[33m[33   
 mÔ...r-compiler][    
0m:String) [], Rem    
oteException
    + FullyQualifiedEr 
   rorId : NativeComm  
  andError
 
    apps/quetzaltic-ui/
src/app/operations/oper
ations.component.html:8
4:32:
[37m      84 Ôöé      
           {{ previewDa
ta?.[32mtable[37m }}
         ÔòÁ           
                      
[32m~~~~~[0m
  Warning occurs in 
the template of 
component 
OperationsComponent.
    apps/quetzaltic-ui/
src/app/operations/oper
ations.component.ts:12:
17:
[37m      12 Ôöé     
templateUrl: [32m'./op
erations.component.html
'[37m,
         ÔòÁ           
       [32m~~~~~~~~~~~
~~~~~~~~~~~~~~~~~~[0m
[33mÔû▓ [43;33m[[43;
30mWARNING[43;33m][0m
 [1mNG8107: NG8107: 
The left side of this 
optional chain 
operation does not 
include 'null' or 
'undefined' in its 
type, therefore the 
'?.' operator can be 
replaced with the '.' 
operator. Find more at 
https://v21.angular.dev
/extended-diagnostics/N
G8107[0m 
[1m[35m[plugin 
angular-compiler][0m
    apps/quetzaltic-ui/
src/app/operations/oper
ations.component.html:1
04:41:
[37m      104 Ôöé ... 
  <div *ngIf="previewDa
ta?.[32mrecords[37m?.
[0]?.resolutions?.[key]
" ...
          ÔòÁ          
                      
[32m~~~~~~~[0m
  Warning occurs in 
the template of 
component 
OperationsComponent.
    apps/quetzaltic-ui/
src/app/operations/oper
ations.component.ts:12:
17:
[37m      12 Ôöé     
templateUrl: [32m'./op
erations.component.html
'[37m,
         ÔòÁ           
       [32m~~~~~~~~~~~
~~~~~~~~~~~~~~~~~~[0m
[33mÔû▓ [43;33m[[43;
30mWARNING[43;33m][0m
 [1mNG8107: NG8107: 
The left side of this 
optional chain 
operation does not 
include 'null' or 
'undefined' in its 
type, therefore the 
'?.' operator can be 
replaced with the '.' 
operator. Find more at 
https://v21.angular.dev
/extended-diagnostics/N
G8107[0m 
[1m[35m[plugin 
a[39m[22m
[1m[33mngular-compile
r][0m
    apps/quetzaltic-ui/
src/app/operations/oper
ations.component.html:1
04:262:
[37m      104 Ôöé 
...sans" [title]="previ
ewData?.[32mrecords[3
7m?.[0]?.resolutions?.[
key] |...
          ÔòÁ          
                      
[32m~~~~~~~[0m
  Warning occurs in 
the template of 
component 
OperationsComponent.
    apps/quetzaltic-ui/
src/app/operations/oper
ations.component.ts:12:
17:
[37m      12 Ôöé     
templateUrl: [32m'./op
erations.component.html
'[37m,
         ÔòÁ           
       [32m~~~~~~~~~~~
~~~~~~~~~~~~~~~~~~[0m
[33mÔû▓ [43;33m[[43;
30mWARNING[43;33m][0m
 [1mNG8107: NG8107: 
The left side of this 
optional chain 
operation does not 
include 'null' or 
'undefined' in its 
type, therefore the 
'?.' operator can be 
replaced with the '.' 
operator. Find more at 
https://v21.angular.dev
/extended-diagnostics/N
G8107[0m 
[1m[35m[plugin 
angular-compiler][0m
    apps/quetzaltic-ui/
src/app/operations/oper
ations.component.html:1
05:34:
[37m      105 Ôöé ... 
             {{ preview
Data?.[32mrecords[37m
?.[0]?.resolutions?.[ke
y] }}
          ÔòÁ          
                       
 [32m~~~~~~~[0m
  Warning occurs in 
the template of 
component 
OperationsComponent.
    apps/quetzaltic-ui/
src/app/operations/oper
ations.component.ts:12:
17:
[37m      12 Ôöé     
templateUrl: [32m'./op
erations.component.html
'[37m,
         ÔòÁ           
       [32m~~~~~~~~~~~
~~~~~~~~~~~~~~~~~~[0m
[33mÔû▓ [43;33m[[43;
30mWARNING[43;33m][0m
 [1mNG8107: NG8107: 
The left side of this 
optional chain 
operation does not 
include 'null' or 
'undefined' in its 
type, therefore the 
'?.' operator can be 
replaced with the '.' 
operator. Find more at 
https://v21.angular.dev
/extended-diagnostics/N
G8107[0m 
[1m[35m[plugin 
angular-compiler][0m
    apps/quetzaltic-ui/
src/app/operations/oper
ations.component.html:1
82:80:
[37m      182 Ôöé 
...Localizados [{{ prev
iewData?.[32mtable[37
m }}]: {{ 
previewData?.count ...
          ÔòÁ          
                       
[32m~~~~~[0m
  Warning occurs in 
the templ[39m[22m[1m
[33mate of component 
OperationsComponent.
    apps/quetzaltic-ui/
src/app/operations/oper
ations.component.ts:12:
17:
[37m      12 Ôöé     
templateUrl: [32m'./op
erations.component.html
'[37m,
         ÔòÁ           
       [32m~~~~~~~~~~~
~~~~~~~~~~~~~~~~~~[0m
[33mÔû▓ [43;33m[[43;
30mWARNING[43;33m][0m
 [1mNG8107: NG8107: 
The left side of this 
optional chain 
operation does not 
include 'null' or 
'undefined' in its 
type, therefore the 
'?.' operator can be 
replaced with the '.' 
operator. Find more at 
https://v21.angular.dev
/extended-diagnostics/N
G8107[0m 
[1m[35m[plugin 
angular-compiler][0m
    apps/quetzaltic-ui/
src/app/operations/oper
ations.component.html:1
82:107:
[37m      182 Ôöé 
...izados [{{ 
previewData?.table 
}}]: {{ previewData?.[
32mcount[37m }}</div>
          ÔòÁ          
                       
                      
[32m~~~~~[0m
  Warning occurs in 
the template of 
component 
OperationsComponent.
    apps/quetzaltic-ui/
src/app/operations/oper
ations.component.ts:12:
17:
[37m      12 Ôöé     
templateUrl: [32m'./op
erations.component.html
'[37m,
         ÔòÁ           
       [32m~~~~~~~~~~~
~~~~~~~~~~~~~~~~~~[0m
[33mÔû▓ [43;33m[[43;
30mWARNING[43;33m][0m
 [1mNG8107: NG8107: 
The left side of this 
optional chain 
operation does not 
include 'null' or 
'undefined' in its 
type, therefore the 
'?.' operator can be 
replaced with the '.' 
operator. Find more at 
https://v21.angular.dev
/extended-diagnostics/N
G8107[0m 
[1m[35m[plugin 
angular-compiler][0m
    apps/quetzaltic-ui/
src/app/operations/oper
ations.component.html:1
83:73:
[37m      183 Ôöé 
...00">> Coincidencia 
por: {{ previewData?.[
32mpkColumn[37m }} / 
WHERE</div>
[37mWatch mode enabled. Watching for file changes...[39m
[37mNOTE: Raw file sizes do not reflect development server per-request transformations.[39m
          ÔòÁ          
                       
           
[32m~~~~~~~~[0m
  Warning occurs in 
the template of 
component 
OperationsComponent.
    apps/quetzaltic-ui/
src/app/operations/oper
ations.component.ts:12:
17:
[37m      12 Ôöé     
templateUrl: [32m'./op
erations.component.html
'[37m,
         ÔòÁ           
       [32m~~~~~~~~~~~
~~~~~~~~~~~~~~~~~~[0[
39m[22m[1m[33mm
[33mÔû▓ [43;33m[[43;
30mWARNING[43;33m][0m
 [1mNG8107: NG8107: 
The left side of this 
optional chain 
operation does not 
include 'null' or 
'undefined' in its 
type, therefore the 
'?.' operator can be 
replaced with the '.' 
operator. Find more at 
https://v21.angular.dev
/extended-diagnostics/N
G8107[0m 
[1m[35m[plugin 
angular-compiler][0m
    apps/quetzaltic-ui/
src/app/operations/oper
ations.component.html:1
85:136:
[37m      185 Ôöé 
...w-x-auto">{{ formatJ
son(previewData?.[32mr
ecords[37m?.[0]?.data)
 }}</pre>
          ÔòÁ          
                       
        
[32m~~~~~~~[0m
  Warning occurs in 
the template of 
component 
OperationsComponent.
    apps/quetzaltic-ui/
src/app/operations/oper
ations.component.ts:12:
17:
[37m      12 Ôöé     
templateUrl: [32m'./op
erations.component.html
'[37m,
         ÔòÁ           
       [32m~~~~~~~~~~~
~~~~~~~~~~~~~~~~~~[0m
[33mÔû▓ [43;33m[[43;
30mWARNING[43;33m][0m
 [1mNG8107: NG8107: 
The left side of this 
optional chain 
operation does not 
include 'null' or 
'undefined' in its 
type, therefore the 
'?.' operator can be 
replaced with the '.' 
operator. Find more at 
https://v21.angular.dev
/extended-diagnostics/N
G8107[0m 
[1m[35m[plugin 
angular-compiler][0m
    apps/quetzaltic-ui/
src/app/operations/oper
ations.component.html:1
92:35:
[37m      192 Ôöé ... 
  <div *ngIf="previewDa
ta?.[32mrecords[37m?.
[0]?.resolutions && 
objec...
          ÔòÁ          
                      
[32m~~~~~~~[0m
  Warning occurs in 
the template of 
component 
OperationsComponent.
    apps/quetzaltic-ui/
src/app/operations/oper
ations.component.ts:12:
17:
[37m      12 Ôöé     
templateUrl: [32m'./op
erations.component.html
'[37m,
         ÔòÁ           
       [32m~~~~~~~~~~~
~~~~~~~~~~~~~~~~~~[0m
[33mÔû▓ [43;33m[[43;
30mWARNING[43;33m][0m
 [1mNG8107: NG8107: 
The left side of this 
optional chain 
operation does not 
include 'null' or 
'undefined' in its 
type, therefore the 
'?.' operator can be 
replaced with the '.' 
operator. Find more at 
https://v21.angular.dev
/exte[39m[22m[1m[33
mnded-diagnostics/NG810
7[0m [1m[35m[plugin 
angular-compiler][0m
    apps/quetzaltic-ui/
src/app/operations/oper
ations.component.html:1
92:88:
[37m      192 Ôöé ... 
&& objectKeys(previewDa
ta?.[32mrecords[37m?.
[0]?.resolutions).lengt
h ...
          ÔòÁ          
                      
[32m~~~~~~~[0m
  Warning occurs in 
the template of 
component 
OperationsComponent.
    apps/quetzaltic-ui/
src/app/operations/oper
ations.component.ts:12:
17:
[37m      12 Ôöé     
templateUrl: [32m'./op
erations.component.html
'[37m,
         ÔòÁ           
       [32m~~~~~~~~~~~
~~~~~~~~~~~~~~~~~~[0m
[33mÔû▓ [43;33m[[43;
30mWARNING[43;33m][0m
 [1mNG8107: NG8107: 
The left side of this 
optional chain 
operation does not 
include 'null' or 
'undefined' in its 
type, therefore the 
'?.' operator can be 
replaced with the '.' 
operator. Find more at 
https://v21.angular.dev
/extended-diagnostics/N
G8107[0m 
[1m[35m[plugin 
angular-compiler][0m
    apps/quetzaltic-ui/
src/app/operations/oper
ations.component.html:1
94:141:
[37m      194 Ôöé 
...o">{{ formatJson(pre
viewData?.[32mrecords
[37m?.[0]?.resolutions)
 }}</pre>
          ÔòÁ          
                       
 [32m~~~~~~~[0m
  Warning occurs in 
the template of 
component 
OperationsComponent.
    apps/quetzaltic-ui/
src/app/operations/oper
ations.component.ts:12:
17:
[37m      12 Ôöé     
templateUrl: [32m'./op
erations.component.html
'[37m,
         ÔòÁ           
       [32m~~~~~~~~~~~
~~~~~~~~~~~~~~~~~~[0m
[33mÔû▓ [43;33m[[43;
30mWARNING[43;33m][0m
 [1mNG8107: NG8107: 
The left side of this 
optional chain 
operation does not 
include 'null' or 
'undefined' in its 
type, therefore the 
'?.' operator can be 
replaced with the '.' 
operator. Find more at 
https://v21.angular.dev
/extended-diagnostics/N
G8107[0m 
[1m[35m[plugin 
angular-compiler][0m
    apps/quetzaltic-ui/
src/app/operations/oper
ations.component.html:2
09:143:
[37m      209 Ôöé ... 
text-xs">{{ formatJson(
previewData?.[32mrecor
ds[37m?.[0]?.data) 
}}</pre>
          ÔòÁ          
                     
[39m[22m[1m[33m    
      [32m~~~~~~~[0m
  Warning occurs in 
the template of 
component 
OperationsComponent.
    apps/quetzaltic-ui/
src/app/operations/oper
ations.component.ts:12:
17:
[37m      12 Ôöé     
templateUrl: [32m'./op
erations.component.html
'[37m,
         ÔòÁ           
       [32m~~~~~~~~~~~
~~~~~~~~~~~~~~~~~~[0m
[39m[22m
  [32mÔ×£[39m  [1mLocal[22m:   [36mhttp://localhost:[1m4200[22m/[39m
[2m[32m  Ô×£[39m[22m[2m  press [22m[1mh + enter[22m[2m to show help[22m

[2m> [22m[2mnx run[22m quetzaltic-api:build

[2m> [22mwebpack-cli build --node-env=production

webpack compiled [1m[32msuccessfully[39m[22m (3620f04753eecc2c)

[2m> [22m[2mnx run[22m quetzaltic-api:serve:development

[1m[33mNX Daemon is 
not running. Node 
process will not 
restart automatically 
after file 
changes.[39m[22m
The plugin worker for 
@nx/playwright/plugin 
is exiting as it was 
not connected to 
within 5 seconds. 
Plugin workers expect 
to receive a socket 
connection from the 
parent process shortly 
after being started. 
If you are seeing this 
issue, please report 
it to the Nx team at ht
tps://github.com/nrwl/n
x/issues.
The plugin worker for 
@nx/eslint/plugin is 
exiting as it was not 
connected to within 5 
seconds. Plugin 
workers expect to 
receive a socket 
connection from the 
parent process shortly 
after being started. 
If you are seeing this 
issue, please report 
it to the Nx team at ht
tps://github.com/nrwl/n
x/issues.
The plugin worker for 
@nx/jest/plugin is 
exiting as it was not 
connected to within 5 
seconds. Plugin 
workers expect to 
receive a socket 
connection from the 
parent process shortly 
after being started. 
If you are seeing this 
issue, please report 
it to the Nx team at ht
tps://github.com/nrwl/n
x/issues.
