[2026-03-26T00:05:52.751Z] [START] Rollback. CorrelationId: ui_exec_1774483514358. Siblings: 113
[2026-03-26T00:05:53.041Z] [SUCCESS] Reverted 8,20,2
[2026-03-26T00:05:53.127Z] [CRITICAL ERROR] 
Invalid `client.auditEvent.create()` invocation in
C:\dev\soporte\quetzaltic\apps\quetzaltic-api\src\app\audit\audit-store.service.ts:48:51

  45     ? deterministicStringify(input.snapshotAfter)
  46     : null;
  47 
→ 48 const event = await client.auditEvent.create({
       data: {
         correlationId: 282,
                        ~~~
         ticketId: "RB-123456",
         actor: "superadmin-fallback@quetzaltic.local",
         type: "OPERATION",
         tableName: "oscar_prueba",
         primaryKeyColumn: "id_Empresa,id_Sucursal,id_Almacen",
         primaryKeyValue: "8,20,2",
         snapshotBefore: "{\"de_Direccion\":\"1\",\"de_Horario\":\"Prueba\",\"id_Almacen\":2,\"id_AlmacenFisico\":null,\"id_EmpleadoResponsable\":503,\"id_Empresa\":8,\"id_EmpresaEmpleadoResponsable\":7,\"id_ReferenciaContable\":\"1152\",\"id_Sucursal\":20,\"id_TipoAlmacen\":2,\"id_TipoAlmacenGrupo\":null,\"nb_Almacen\":\"Almacen de Materiales y Servicios\",\"nb_AlmacenCorto\":\"Perfect Fix 113\",\"nu_Telefono\":\"1111111111\",\"sn_Activo\":null,\"sn_ActivoSession\":1,\"sn_AlmacenNuevo\":true,\"sn_CierreOdoo\":false,\"sn_InventarioBloqueado\":false}",
         snapshotAfter: "{\"de_Direccion\":\"1\",\"de_Horario\":\"SUCCESS-V3-FINAL\",\"id_Almacen\":2,\"id_AlmacenFisico\":null,\"id_EmpleadoResponsable\":503,\"id_Empresa\":8,\"id_EmpresaEmpleadoResponsable\":7,\"id_ReferenciaContable\":\"1152\",\"id_Sucursal\":20,\"id_TipoAlmacen\":2,\"id_TipoAlmacenGrupo\":null,\"nb_Almacen\":\"Almacen de Materiales y Servicios\",\"nb_AlmacenCorto\":\"Perfect Fix 113\",\"nu_Telefono\":\"1111111111\",\"sn_Activo\":null,\"sn_ActivoSession\":1,\"sn_AlmacenNuevo\":true,\"sn_CierreOdoo\":false,\"sn_InventarioBloqueado\":false}",
         status: "SUCCESS"
       }
     })

Argument `correlationId`: Invalid value provided. Expected String, provided Int.
[2026-03-26T00:06:08.032Z] [START] Rollback. CorrelationId: ui_exec_1774483514358. Siblings: 113
[2026-03-26T00:06:08.312Z] [SUCCESS] Reverted 8,20,2
[2026-03-26T00:06:08.400Z] [CRITICAL ERROR] 
Invalid `client.auditEvent.create()` invocation in
C:\dev\soporte\quetzaltic\apps\quetzaltic-api\src\app\audit\audit-store.service.ts:48:51

  45     ? deterministicStringify(input.snapshotAfter)
  46     : null;
  47 
→ 48 const event = await client.auditEvent.create({
       data: {
         correlationId: 298,
                        ~~~
         ticketId: "RB-123456",
         actor: "superadmin-fallback@quetzaltic.local",
         type: "OPERATION",
         tableName: "oscar_prueba",
         primaryKeyColumn: "id_Empresa,id_Sucursal,id_Almacen",
         primaryKeyValue: "8,20,2",
         snapshotBefore: "{\"de_Direccion\":\"1\",\"de_Horario\":\"Prueba\",\"id_Almacen\":2,\"id_AlmacenFisico\":null,\"id_EmpleadoResponsable\":503,\"id_Empresa\":8,\"id_EmpresaEmpleadoResponsable\":7,\"id_ReferenciaContable\":\"1152\",\"id_Sucursal\":20,\"id_TipoAlmacen\":2,\"id_TipoAlmacenGrupo\":null,\"nb_Almacen\":\"Almacen de Materiales y Servicios\",\"nb_AlmacenCorto\":\"Perfect Fix 113\",\"nu_Telefono\":\"1111111111\",\"sn_Activo\":null,\"sn_ActivoSession\":1,\"sn_AlmacenNuevo\":true,\"sn_CierreOdoo\":false,\"sn_InventarioBloqueado\":false}",
         snapshotAfter: "{\"de_Direccion\":\"1\",\"de_Horario\":\"SUCCESS-V3-FINAL\",\"id_Almacen\":2,\"id_AlmacenFisico\":null,\"id_EmpleadoResponsable\":503,\"id_Empresa\":8,\"id_EmpresaEmpleadoResponsable\":7,\"id_ReferenciaContable\":\"1152\",\"id_Sucursal\":20,\"id_TipoAlmacen\":2,\"id_TipoAlmacenGrupo\":null,\"nb_Almacen\":\"Almacen de Materiales y Servicios\",\"nb_AlmacenCorto\":\"Perfect Fix 113\",\"nu_Telefono\":\"1111111111\",\"sn_Activo\":null,\"sn_ActivoSession\":1,\"sn_AlmacenNuevo\":true,\"sn_CierreOdoo\":false,\"sn_InventarioBloqueado\":false}",
         status: "SUCCESS"
       }
     })

Argument `correlationId`: Invalid value provided. Expected String, provided Int.
[2026-03-26T00:09:40.502Z] [START] Rollback. CorrelationId: ui_exec_1774483514358. Siblings: 113
[2026-03-26T00:09:40.820Z] [SUCCESS] Reverted 8,20,2
[2026-03-26T00:09:40.935Z] [CRITICAL ERROR] 
Invalid `client.auditEvent.create()` invocation in
C:\dev\soporte\quetzaltic\apps\quetzaltic-api\src\app\audit\audit-store.service.ts:48:51

  45     ? deterministicStringify(input.snapshotAfter)
  46     : null;
  47 
→ 48 const event = await client.auditEvent.create({
       data: {
         correlationId: 505,
                        ~~~
         ticketId: "RB-123456",
         actor: "superadmin-fallback@quetzaltic.local",
         type: "OPERATION",
         tableName: "oscar_prueba",
         primaryKeyColumn: "id_Empresa,id_Sucursal,id_Almacen",
         primaryKeyValue: "8,20,2",
         snapshotBefore: "{\"de_Direccion\":\"1\",\"de_Horario\":\"Prueba\",\"id_Almacen\":2,\"id_AlmacenFisico\":null,\"id_EmpleadoResponsable\":503,\"id_Empresa\":8,\"id_EmpresaEmpleadoResponsable\":7,\"id_ReferenciaContable\":\"1152\",\"id_Sucursal\":20,\"id_TipoAlmacen\":2,\"id_TipoAlmacenGrupo\":null,\"nb_Almacen\":\"Almacen de Materiales y Servicios\",\"nb_AlmacenCorto\":\"Perfect Fix 113\",\"nu_Telefono\":\"1111111111\",\"sn_Activo\":null,\"sn_ActivoSession\":1,\"sn_AlmacenNuevo\":true,\"sn_CierreOdoo\":false,\"sn_InventarioBloqueado\":false}",
         snapshotAfter: "{\"de_Direccion\":\"1\",\"de_Horario\":\"SUCCESS-V3-FINAL\",\"id_Almacen\":2,\"id_AlmacenFisico\":null,\"id_EmpleadoResponsable\":503,\"id_Empresa\":8,\"id_EmpresaEmpleadoResponsable\":7,\"id_ReferenciaContable\":\"1152\",\"id_Sucursal\":20,\"id_TipoAlmacen\":2,\"id_TipoAlmacenGrupo\":null,\"nb_Almacen\":\"Almacen de Materiales y Servicios\",\"nb_AlmacenCorto\":\"Perfect Fix 113\",\"nu_Telefono\":\"1111111111\",\"sn_Activo\":null,\"sn_ActivoSession\":1,\"sn_AlmacenNuevo\":true,\"sn_CierreOdoo\":false,\"sn_InventarioBloqueado\":false}",
         status: "SUCCESS"
       }
     })

Argument `correlationId`: Invalid value provided. Expected String, provided Int.
[2026-03-26T00:10:43.140Z] [START] Rollback. CorrelationId: ui_exec_1774483810123. Siblings: 113
[2026-03-26T00:10:43.420Z] [SUCCESS] Reverted 8,7,2
[2026-03-26T00:10:43.499Z] [CRITICAL ERROR] 
Invalid `client.auditEvent.create()` invocation in
C:\dev\soporte\quetzaltic\apps\quetzaltic-api\src\app\audit\audit-store.service.ts:48:51

  45     ? deterministicStringify(input.snapshotAfter)
  46     : null;
  47 
→ 48 const event = await client.auditEvent.create({
       data: {
         correlationId: 573,
                        ~~~
         ticketId: "RB-3216",
         actor: "superadmin-fallback@quetzaltic.local",
         type: "OPERATION",
         tableName: "oscar_prueba",
         primaryKeyColumn: "id_Empresa,id_Sucursal,id_Almacen",
         primaryKeyValue: "8,7,2",
         snapshotBefore: "{\"de_Direccion\":\"\",\"de_Horario\":\"aaa\",\"id_Almacen\":2,\"id_AlmacenFisico\":null,\"id_EmpleadoResponsable\":899,\"id_Empresa\":8,\"id_EmpresaEmpleadoResponsable\":7,\"id_ReferenciaContable\":\"1152\",\"id_Sucursal\":7,\"id_TipoAlmacen\":2,\"id_TipoAlmacenGrupo\":null,\"nb_Almacen\":\"Almacen de Materiales y Servicios\",\"nb_AlmacenCorto\":\"Perfect Fix 113\",\"nu_Telefono\":\"\",\"sn_Activo\":null,\"sn_ActivoSession\":1,\"sn_AlmacenNuevo\":true,\"sn_CierreOdoo\":false,\"sn_InventarioBloqueado\":false}",
         snapshotAfter: "{\"de_Direccion\":\"\",\"de_Horario\":\"Prueba\",\"id_Almacen\":2,\"id_AlmacenFisico\":null,\"id_EmpleadoResponsable\":899,\"id_Empresa\":8,\"id_EmpresaEmpleadoResponsable\":7,\"id_ReferenciaContable\":\"1152\",\"id_Sucursal\":7,\"id_TipoAlmacen\":2,\"id_TipoAlmacenGrupo\":null,\"nb_Almacen\":\"Almacen de Materiales y Servicios\",\"nb_AlmacenCorto\":\"Perfect Fix 113\",\"nu_Telefono\":\"\",\"sn_Activo\":null,\"sn_ActivoSession\":1,\"sn_AlmacenNuevo\":true,\"sn_CierreOdoo\":false,\"sn_InventarioBloqueado\":false}",
         status: "SUCCESS"
       }
     })

Argument `correlationId`: Invalid value provided. Expected String, provided Int.
[2026-03-26T00:20:06.240Z] [START] Rollback. CorrelationId: ui_exec_1774484357324. Siblings: 113
[2026-03-26T00:20:06.521Z] [SUCCESS] Reverted 8,28,2
[2026-03-26T00:20:07.023Z] [SUCCESS] Reverted 8,7,4
[2026-03-26T00:20:07.525Z] [SUCCESS] Reverted 8,26,3
[2026-03-26T00:20:07.992Z] [SUCCESS] Reverted 8,23,4
[2026-03-26T00:20:08.470Z] [SUCCESS] Reverted 8,30,2
[2026-03-26T00:20:08.949Z] [SUCCESS] Reverted 8,17,1
[2026-03-26T00:20:09.450Z] [SUCCESS] Reverted 8,26,4
[2026-03-26T00:20:09.972Z] [SUCCESS] Reverted 8,102,2
[2026-03-26T00:20:10.602Z] [SUCCESS] Reverted 8,46,3
[2026-03-26T00:20:11.160Z] [SUCCESS] Reverted 8,14,2
[2026-03-26T00:20:11.720Z] [SUCCESS] Reverted 8,24,4
[2026-03-26T00:20:12.262Z] [SUCCESS] Reverted 8,7,2
[2026-03-26T00:20:12.768Z] [SUCCESS] Reverted 8,21,2
[2026-03-26T00:20:13.224Z] [SUCCESS] Reverted 8,11,1
[2026-03-26T00:20:13.677Z] [SUCCESS] Reverted 8,25,3
[2026-03-26T00:20:14.168Z] [SUCCESS] Reverted 8,32,4
[2026-03-26T00:20:14.663Z] [SUCCESS] Reverted 8,27,2
[2026-03-26T00:20:15.123Z] [SUCCESS] Reverted 8,30,1
[2026-03-26T00:20:15.580Z] [SUCCESS] Reverted 8,27,4
[2026-03-26T00:20:16.031Z] [SUCCESS] Reverted 8,25,1
[2026-03-26T00:20:16.488Z] [SUCCESS] Reverted 8,14,4
[2026-03-26T00:20:16.940Z] [SUCCESS] Reverted 8,24,3
[2026-03-26T00:20:17.434Z] [SUCCESS] Reverted 8,24,1
[2026-03-26T00:20:17.898Z] [SUCCESS] Reverted 8,9,2
[2026-03-26T00:20:18.377Z] [SUCCESS] Reverted 8,16,2
[2026-03-26T00:20:18.850Z] [SUCCESS] Reverted 8,9,1
[2026-03-26T00:20:19.304Z] [SUCCESS] Reverted 8,11,3
[2026-03-26T00:20:19.758Z] [SUCCESS] Reverted 8,9,4
[2026-03-26T00:20:20.226Z] [SUCCESS] Reverted 8,14,1
[2026-03-26T00:20:20.679Z] [SUCCESS] Reverted 8,33,4
[2026-03-26T00:20:21.133Z] [SUCCESS] Reverted 8,31,1
[2026-03-26T00:20:21.589Z] [SUCCESS] Reverted 8,31,2
[2026-03-26T00:20:22.052Z] [SUCCESS] Reverted 8,33,2
[2026-03-26T00:20:22.502Z] [SUCCESS] Reverted 8,101,3
[2026-03-26T00:20:22.965Z] [SUCCESS] Reverted 8,35,4
[2026-03-26T00:20:23.425Z] [SUCCESS] Reverted 8,101,4
[2026-03-26T00:20:23.883Z] [SUCCESS] Reverted 8,10,3
[2026-03-26T00:20:24.345Z] [SUCCESS] Reverted 8,30,4
[2026-03-26T00:20:24.842Z] [SUCCESS] Reverted 8,35,2
[2026-03-26T00:20:25.310Z] [SUCCESS] Reverted 8,28,1
[2026-03-26T00:20:25.799Z] [SUCCESS] Reverted 8,30,3
[2026-03-26T00:20:26.281Z] [SUCCESS] Reverted 8,31,4
[2026-03-26T00:20:26.801Z] [SUCCESS] Reverted 8,33,1
[2026-03-26T00:20:27.304Z] [SUCCESS] Reverted 8,17,4
[2026-03-26T00:20:27.991Z] [SUCCESS] Reverted 8,103,2
[2026-03-26T00:20:28.532Z] [SUCCESS] Reverted 8,27,1
[2026-03-26T00:20:29.162Z] [SUCCESS] Reverted 8,18,3
[2026-03-26T00:20:29.740Z] [SUCCESS] Reverted 8,7,1
[2026-03-26T00:20:30.312Z] [SUCCESS] Reverted 8,11,4
[2026-03-26T00:20:30.832Z] [SUCCESS] Reverted 8,9,3
[2026-03-26T00:20:31.571Z] [SUCCESS] Reverted 8,22,2
[2026-03-26T00:20:32.122Z] [SUCCESS] Reverted 8,29,4
[2026-03-26T00:20:32.680Z] [SUCCESS] Reverted 8,20,3
[2026-03-26T00:20:33.191Z] [SUCCESS] Reverted 8,16,3
[2026-03-26T00:20:33.762Z] [SUCCESS] Reverted 8,10,4
[2026-03-26T00:20:34.306Z] [SUCCESS] Reverted 8,16,1
[2026-03-26T00:20:34.963Z] [SUCCESS] Reverted 8,10,2
[2026-03-26T00:20:35.724Z] [SUCCESS] Reverted 8,34,3
[2026-03-26T00:20:36.372Z] [SUCCESS] Reverted 8,34,2
[2026-03-26T00:20:37.300Z] [SUCCESS] Reverted 8,21,4
[2026-03-26T00:20:38.163Z] [SUCCESS] Reverted 8,24,2
[2026-03-26T00:20:38.951Z] [SUCCESS] Reverted 8,32,1
[2026-03-26T00:20:39.691Z] [SUCCESS] Reverted 8,20,1
[2026-03-26T00:20:40.218Z] [SUCCESS] Reverted 8,7,3
[2026-03-26T00:20:40.720Z] [SUCCESS] Reverted 8,36,2
[2026-03-26T00:20:41.210Z] [SUCCESS] Reverted 8,25,2
[2026-03-26T00:20:41.883Z] [SUCCESS] Reverted 8,22,1
[2026-03-26T00:20:42.380Z] [SUCCESS] Reverted 8,8,2
[2026-03-26T00:20:42.867Z] [SUCCESS] Reverted 8,26,2
[2026-03-26T00:20:43.359Z] [SUCCESS] Reverted 8,29,3
[2026-03-26T00:20:43.842Z] [SUCCESS] Reverted 8,8,1
[2026-03-26T00:20:44.349Z] [SUCCESS] Reverted 8,27,3
[2026-03-26T00:20:44.849Z] [SUCCESS] Reverted 8,33,3
[2026-03-26T00:20:45.554Z] [SUCCESS] Reverted 8,20,2
[2026-03-26T00:20:46.361Z] [SUCCESS] Reverted 8,14,3
[2026-03-26T00:20:47.011Z] [SUCCESS] Reverted 8,34,4
[2026-03-26T00:20:47.797Z] [SUCCESS] Reverted 8,21,3
[2026-03-26T00:20:48.351Z] [SUCCESS] Reverted 8,31,3
[2026-03-26T00:20:48.979Z] [SUCCESS] Reverted 8,18,2
[2026-03-26T00:20:49.502Z] [SUCCESS] Reverted 8,23,3
[2026-03-26T00:20:50.021Z] [SUCCESS] Reverted 8,36,3
[2026-03-26T00:20:50.816Z] [SUCCESS] Reverted 8,25,4
[2026-03-26T00:20:51.362Z] [SUCCESS] Reverted 8,103,3
[2026-03-26T00:20:51.902Z] [SUCCESS] Reverted 8,8,4
[2026-03-26T00:20:52.439Z] [SUCCESS] Reverted 8,17,3
[2026-03-26T00:20:52.939Z] [SUCCESS] Reverted 8,101,2
[2026-03-26T00:20:53.460Z] [SUCCESS] Reverted 8,36,1
[2026-03-26T00:20:53.971Z] [SUCCESS] Reverted 8,32,3
[2026-03-26T00:20:54.960Z] [SUCCESS] Reverted 8,46,2
[2026-03-26T00:20:55.561Z] [SUCCESS] Reverted 8,23,2
[2026-03-26T00:20:56.050Z] [SUCCESS] Reverted 8,26,1
[2026-03-26T00:20:56.581Z] [SUCCESS] Reverted 8,46,4
[2026-03-26T00:20:57.102Z] [SUCCESS] Reverted 8,18,4
[2026-03-26T00:20:57.631Z] [SUCCESS] Reverted 8,11,2
[2026-03-26T00:20:58.130Z] [SUCCESS] Reverted 8,35,3
[2026-03-26T00:20:58.638Z] [SUCCESS] Reverted 8,20,4
[2026-03-26T00:20:59.260Z] [SUCCESS] Reverted 8,28,4
[2026-03-26T00:20:59.760Z] [SUCCESS] Reverted 8,16,4
[2026-03-26T00:21:00.241Z] [SUCCESS] Reverted 8,23,1
[2026-03-26T00:21:00.728Z] [SUCCESS] Reverted 8,34,1
[2026-03-26T00:21:01.211Z] [SUCCESS] Reverted 8,36,4
[2026-03-26T00:21:01.758Z] [SUCCESS] Reverted 8,102,3
[2026-03-26T00:21:02.321Z] [SUCCESS] Reverted 8,17,2
[2026-03-26T00:21:02.861Z] [SUCCESS] Reverted 8,46,1
[2026-03-26T00:21:03.361Z] [SUCCESS] Reverted 8,35,1
[2026-03-26T00:21:03.919Z] [SUCCESS] Reverted 8,29,2
[2026-03-26T00:21:04.459Z] [SUCCESS] Reverted 8,18,1
[2026-03-26T00:21:05.699Z] [SUCCESS] Reverted 8,28,3
[2026-03-26T00:21:06.240Z] [SUCCESS] Reverted 8,32,2
[2026-03-26T00:21:06.780Z] [SUCCESS] Reverted 8,10,1
[2026-03-26T00:21:07.362Z] [SUCCESS] Reverted 8,8,3
[2026-03-26T00:21:07.967Z] [SUCCESS] Reverted 8,21,1
[2026-03-26T00:21:08.482Z] [SUCCESS] Reverted 8,29,1
[2026-03-26T00:21:40.690Z] [START] Rollback. CorrelationId: 124. Siblings: 113
[2026-03-26T00:21:40.958Z] [SUCCESS] Reverted 8,14,3
[2026-03-26T00:21:41.429Z] [SUCCESS] Reverted 8,32,4
[2026-03-26T00:21:41.899Z] [SUCCESS] Reverted 8,20,1
[2026-03-26T00:21:42.369Z] [SUCCESS] Reverted 8,18,1
[2026-03-26T00:21:42.848Z] [SUCCESS] Reverted 8,27,4
[2026-03-26T00:21:43.328Z] [SUCCESS] Reverted 8,31,3
[2026-03-26T00:21:43.798Z] [SUCCESS] Reverted 8,20,3
[2026-03-26T00:21:44.258Z] [SUCCESS] Reverted 8,30,4
[2026-03-26T00:21:44.718Z] [SUCCESS] Reverted 8,102,3
[2026-03-26T00:21:45.186Z] [SUCCESS] Reverted 8,34,3
[2026-03-26T00:21:45.659Z] [SUCCESS] Reverted 8,27,2
[2026-03-26T00:21:46.138Z] [SUCCESS] Reverted 8,7,4
[2026-03-26T00:21:46.612Z] [SUCCESS] Reverted 8,33,4
[2026-03-26T00:21:47.079Z] [SUCCESS] Reverted 8,9,1
[2026-03-26T00:21:47.550Z] [SUCCESS] Reverted 8,17,3
[2026-03-26T00:21:48.009Z] [SUCCESS] Reverted 8,14,1
[2026-03-26T00:21:48.476Z] [SUCCESS] Reverted 8,36,4
[2026-03-26T00:21:48.958Z] [SUCCESS] Reverted 8,26,4
[2026-03-26T00:21:49.508Z] [SUCCESS] Reverted 8,33,2
[2026-03-26T00:21:50.040Z] [SUCCESS] Reverted 8,32,3
[2026-03-26T00:21:50.680Z] [SUCCESS] Reverted 8,27,1
[2026-03-26T00:21:51.200Z] [SUCCESS] Reverted 8,35,2
[2026-03-26T00:21:51.681Z] [SUCCESS] Reverted 8,25,4
[2026-03-26T00:21:52.181Z] [SUCCESS] Reverted 8,17,2
[2026-03-26T00:21:52.699Z] [SUCCESS] Reverted 8,23,3
[2026-03-26T00:21:53.191Z] [SUCCESS] Reverted 8,8,1
[2026-03-26T00:21:53.686Z] [SUCCESS] Reverted 8,9,2
[2026-03-26T00:21:54.211Z] [SUCCESS] Reverted 8,18,3
[2026-03-26T00:21:54.782Z] [SUCCESS] Reverted 8,101,3
[2026-03-26T00:21:55.300Z] [SUCCESS] Reverted 8,30,2
[2026-03-26T00:21:55.908Z] [SUCCESS] Reverted 8,28,1
[2026-03-26T00:21:56.389Z] [SUCCESS] Reverted 8,23,2
[2026-03-26T00:21:56.898Z] [SUCCESS] Reverted 8,103,2
[2026-03-26T00:21:57.491Z] [SUCCESS] Reverted 8,9,3
[2026-03-26T00:21:58.190Z] [SUCCESS] Reverted 8,11,1
[2026-03-26T00:21:58.725Z] [SUCCESS] Reverted 8,20,4
[2026-03-26T00:21:59.249Z] [SUCCESS] Reverted 8,22,1
[2026-03-26T00:21:59.730Z] [SUCCESS] Reverted 8,24,2
[2026-03-26T00:22:00.209Z] [SUCCESS] Reverted 8,23,1
[2026-03-26T00:22:00.679Z] [SUCCESS] Reverted 8,7,2
[2026-03-26T00:22:01.139Z] [SUCCESS] Reverted 8,28,3
[2026-03-26T00:22:01.659Z] [SUCCESS] Reverted 8,17,4
[2026-03-26T00:22:02.139Z] [SUCCESS] Reverted 8,17,1
[2026-03-26T00:22:02.618Z] [SUCCESS] Reverted 8,8,4
[2026-03-26T00:22:03.080Z] [SUCCESS] Reverted 8,11,4
[2026-03-26T00:22:03.539Z] [SUCCESS] Reverted 8,29,1
[2026-03-26T00:22:04.019Z] [SUCCESS] Reverted 8,10,1
[2026-03-26T00:22:04.499Z] [SUCCESS] Reverted 8,36,2
[2026-03-26T00:22:04.979Z] [SUCCESS] Reverted 8,24,4
[2026-03-26T00:22:05.450Z] [SUCCESS] Reverted 8,11,2
[2026-03-26T00:22:05.988Z] [SUCCESS] Reverted 8,32,2
[2026-03-26T00:22:06.602Z] [SUCCESS] Reverted 8,34,4
[2026-03-26T00:22:08.169Z] [SUCCESS] Reverted 8,18,2
[2026-03-26T00:22:08.941Z] [SUCCESS] Reverted 8,26,2
[2026-03-26T00:22:09.771Z] [SUCCESS] Reverted 8,30,1
[2026-03-26T00:22:10.500Z] [SUCCESS] Reverted 8,33,1
[2026-03-26T00:22:11.054Z] [SUCCESS] Reverted 8,31,2
[2026-03-26T00:22:11.557Z] [SUCCESS] Reverted 8,8,2
[2026-03-26T00:22:12.471Z] [SUCCESS] Reverted 8,14,2
[2026-03-26T00:22:12.969Z] [SUCCESS] Reverted 8,101,4
[2026-03-26T00:22:13.710Z] [SUCCESS] Reverted 8,21,1
[2026-03-26T00:22:14.731Z] [SUCCESS] Reverted 8,34,1
[2026-03-26T00:22:15.221Z] [SUCCESS] Reverted 8,10,4
[2026-03-26T00:22:16.026Z] [SUCCESS] Reverted 8,35,4
[2026-03-26T00:22:16.513Z] [SUCCESS] Reverted 8,24,1
[2026-03-26T00:22:16.990Z] [SUCCESS] Reverted 8,24,3
[2026-03-26T00:22:17.563Z] [SUCCESS] Reverted 8,20,2
[2026-03-26T00:22:18.052Z] [SUCCESS] Reverted 8,16,2
[2026-03-26T00:22:18.941Z] [SUCCESS] Reverted 8,35,1
[2026-03-26T00:22:19.512Z] [SUCCESS] Reverted 8,26,3
[2026-03-26T00:22:20.091Z] [SUCCESS] Reverted 8,16,4
[2026-03-26T00:22:20.646Z] [SUCCESS] Reverted 8,46,2
[2026-03-26T00:22:21.193Z] [SUCCESS] Reverted 8,22,2
[2026-03-26T00:22:21.749Z] [SUCCESS] Reverted 8,102,2
[2026-03-26T00:22:22.270Z] [SUCCESS] Reverted 8,32,1
[2026-03-26T00:22:22.771Z] [SUCCESS] Reverted 8,21,3
[2026-03-26T00:22:23.260Z] [SUCCESS] Reverted 8,30,3
[2026-03-26T00:22:23.770Z] [SUCCESS] Reverted 8,46,4
[2026-03-26T00:22:24.238Z] [SUCCESS] Reverted 8,31,4
[2026-03-26T00:22:24.780Z] [SUCCESS] Reverted 8,25,1
[2026-03-26T00:22:25.271Z] [SUCCESS] Reverted 8,29,4
[2026-03-26T00:22:25.869Z] [SUCCESS] Reverted 8,21,2
[2026-03-26T00:22:26.350Z] [SUCCESS] Reverted 8,8,3
[2026-03-26T00:22:26.824Z] [SUCCESS] Reverted 8,16,1
[2026-03-26T00:22:27.329Z] [SUCCESS] Reverted 8,18,4
[2026-03-26T00:22:27.870Z] [SUCCESS] Reverted 8,9,4
[2026-03-26T00:22:28.360Z] [SUCCESS] Reverted 8,25,3
[2026-03-26T00:22:28.860Z] [SUCCESS] Reverted 8,10,3
[2026-03-26T00:22:29.360Z] [SUCCESS] Reverted 8,7,3
[2026-03-26T00:22:30.051Z] [SUCCESS] Reverted 8,35,3
[2026-03-26T00:22:30.599Z] [SUCCESS] Reverted 8,28,2
[2026-03-26T00:22:31.291Z] [SUCCESS] Reverted 8,36,3
[2026-03-26T00:22:31.850Z] [SUCCESS] Reverted 8,36,1
[2026-03-26T00:22:32.394Z] [SUCCESS] Reverted 8,46,1
[2026-03-26T00:22:32.963Z] [SUCCESS] Reverted 8,14,4
[2026-03-26T00:22:33.500Z] [SUCCESS] Reverted 8,103,3
[2026-03-26T00:22:34.241Z] [SUCCESS] Reverted 8,29,2
[2026-03-26T00:22:34.730Z] [SUCCESS] Reverted 8,7,1
[2026-03-26T00:22:35.220Z] [SUCCESS] Reverted 8,28,4
[2026-03-26T00:22:35.741Z] [SUCCESS] Reverted 8,23,4
[2026-03-26T00:22:36.251Z] [SUCCESS] Reverted 8,26,1
[2026-03-26T00:22:36.745Z] [SUCCESS] Reverted 8,16,3
[2026-03-26T00:22:37.241Z] [SUCCESS] Reverted 8,33,3
[2026-03-26T00:22:37.893Z] [SUCCESS] Reverted 8,31,1
[2026-03-26T00:22:38.426Z] [SUCCESS] Reverted 8,10,2
[2026-03-26T00:22:38.960Z] [SUCCESS] Reverted 8,29,3
[2026-03-26T00:22:39.871Z] [SUCCESS] Reverted 8,34,2
[2026-03-26T00:22:40.811Z] [SUCCESS] Reverted 8,27,3
[2026-03-26T00:22:41.300Z] [SUCCESS] Reverted 8,25,2
[2026-03-26T00:22:41.762Z] [SUCCESS] Reverted 8,11,3
[2026-03-26T00:22:42.231Z] [SUCCESS] Reverted 8,101,2
[2026-03-26T00:22:42.700Z] [SUCCESS] Reverted 8,46,3
[2026-03-26T00:22:43.159Z] [SUCCESS] Reverted 8,21,4
[2026-03-26T00:31:29.088Z] [START] Rollback. CorrelationId: ui_exec_1774484992883. Siblings: 113
[2026-03-26T00:31:29.400Z] [SUCCESS] Reverted 8,36,2
[2026-03-26T00:31:29.930Z] [SUCCESS] Reverted 8,7,4
[2026-03-26T00:31:30.409Z] [SUCCESS] Reverted 8,101,4
[2026-03-26T00:31:30.890Z] [SUCCESS] Reverted 8,25,2
[2026-03-26T00:31:31.370Z] [SUCCESS] Reverted 8,34,1
[2026-03-26T00:31:31.842Z] [SUCCESS] Reverted 8,21,3
[2026-03-26T00:31:32.392Z] [SUCCESS] Reverted 8,46,4
[2026-03-26T00:31:32.952Z] [SUCCESS] Reverted 8,29,2
[2026-03-26T00:31:33.491Z] [SUCCESS] Reverted 8,36,3
[2026-03-26T00:31:34.070Z] [SUCCESS] Reverted 8,20,1
[2026-03-26T00:31:34.632Z] [SUCCESS] Reverted 8,30,4
[2026-03-26T00:31:35.173Z] [SUCCESS] Reverted 8,21,1
[2026-03-26T00:31:35.771Z] [SUCCESS] Reverted 8,18,2
[2026-03-26T00:31:36.260Z] [SUCCESS] Reverted 8,31,4
[2026-03-26T00:31:36.760Z] [SUCCESS] Reverted 8,8,3
[2026-03-26T00:31:37.260Z] [SUCCESS] Reverted 8,18,1
[2026-03-26T00:31:37.821Z] [SUCCESS] Reverted 8,102,3
[2026-03-26T00:31:38.480Z] [SUCCESS] Reverted 8,14,1
[2026-03-26T00:31:39.070Z] [SUCCESS] Reverted 8,24,1
[2026-03-26T00:31:39.577Z] [SUCCESS] Reverted 8,29,4
[2026-03-26T00:31:40.191Z] [SUCCESS] Reverted 8,23,4
[2026-03-26T00:31:40.680Z] [SUCCESS] Reverted 8,28,3
[2026-03-26T00:31:41.192Z] [SUCCESS] Reverted 8,30,2
[2026-03-26T00:31:41.701Z] [SUCCESS] Reverted 8,33,1
[2026-03-26T00:31:42.200Z] [SUCCESS] Reverted 8,32,3
[2026-03-26T00:31:42.691Z] [SUCCESS] Reverted 8,34,2
[2026-03-26T00:31:43.197Z] [SUCCESS] Reverted 8,20,2
[2026-03-26T00:31:43.661Z] [SUCCESS] Reverted 8,21,2
[2026-03-26T00:31:44.129Z] [SUCCESS] Reverted 8,10,3
[2026-03-26T00:31:44.609Z] [SUCCESS] Reverted 8,33,3
[2026-03-26T00:31:45.081Z] [SUCCESS] Reverted 8,22,2
[2026-03-26T00:31:45.626Z] [SUCCESS] Reverted 8,24,4
[2026-03-26T00:31:46.090Z] [SUCCESS] Reverted 8,31,3
[2026-03-26T00:31:46.560Z] [SUCCESS] Reverted 8,28,2
[2026-03-26T00:31:47.032Z] [SUCCESS] Reverted 8,26,4
[2026-03-26T00:31:47.520Z] [SUCCESS] Reverted 8,26,1
[2026-03-26T00:31:47.990Z] [SUCCESS] Reverted 8,10,4
[2026-03-26T00:31:48.470Z] [SUCCESS] Reverted 8,18,4
[2026-03-26T00:31:48.952Z] [SUCCESS] Reverted 8,31,2
[2026-03-26T00:31:49.439Z] [SUCCESS] Reverted 8,7,3
[2026-03-26T00:31:49.947Z] [SUCCESS] Reverted 8,101,2
[2026-03-26T00:31:50.506Z] [SUCCESS] Reverted 8,26,2
[2026-03-26T00:31:51.062Z] [SUCCESS] Reverted 8,27,3
[2026-03-26T00:31:51.601Z] [SUCCESS] Reverted 8,34,4
[2026-03-26T00:31:52.121Z] [SUCCESS] Reverted 8,17,1
[2026-03-26T00:31:52.640Z] [SUCCESS] Reverted 8,9,2
[2026-03-26T00:31:53.148Z] [SUCCESS] Reverted 8,34,3
[2026-03-26T00:31:53.669Z] [SUCCESS] Reverted 8,32,1
[2026-03-26T00:31:54.180Z] [SUCCESS] Reverted 8,24,3
[2026-03-26T00:31:54.671Z] [SUCCESS] Reverted 8,35,1
[2026-03-26T00:31:55.180Z] [SUCCESS] Reverted 8,27,4
[2026-03-26T00:31:55.780Z] [SUCCESS] Reverted 8,30,1
[2026-03-26T00:31:56.290Z] [SUCCESS] Reverted 8,33,2
[2026-03-26T00:31:56.772Z] [SUCCESS] Reverted 8,14,2
[2026-03-26T00:31:57.339Z] [SUCCESS] Reverted 8,16,3
[2026-03-26T00:31:57.809Z] [SUCCESS] Reverted 8,32,2
[2026-03-26T00:31:58.300Z] [SUCCESS] Reverted 8,11,4
[2026-03-26T00:31:58.901Z] [SUCCESS] Reverted 8,14,4
[2026-03-26T00:31:59.410Z] [SUCCESS] Reverted 8,31,1
[2026-03-26T00:32:00.230Z] [SUCCESS] Reverted 8,20,4
[2026-03-26T00:32:00.709Z] [SUCCESS] Reverted 8,30,3
[2026-03-26T00:32:01.190Z] [SUCCESS] Reverted 8,23,2
[2026-03-26T00:32:01.680Z] [SUCCESS] Reverted 8,8,2
[2026-03-26T00:32:02.190Z] [SUCCESS] Reverted 8,27,1
[2026-03-26T00:32:02.680Z] [SUCCESS] Reverted 8,27,2
[2026-03-26T00:32:03.218Z] [SUCCESS] Reverted 8,23,3
[2026-03-26T00:32:03.717Z] [SUCCESS] Reverted 8,46,2
[2026-03-26T00:32:04.180Z] [SUCCESS] Reverted 8,25,4
[2026-03-26T00:32:04.682Z] [SUCCESS] Reverted 8,16,1
[2026-03-26T00:32:05.188Z] [SUCCESS] Reverted 8,28,4
[2026-03-26T00:32:05.789Z] [SUCCESS] Reverted 8,35,3
[2026-03-26T00:32:06.269Z] [SUCCESS] Reverted 8,36,1
[2026-03-26T00:32:06.736Z] [SUCCESS] Reverted 8,22,1
[2026-03-26T00:32:07.231Z] [SUCCESS] Reverted 8,7,2
[2026-03-26T00:32:07.820Z] [SUCCESS] Reverted 8,33,4
[2026-03-26T00:32:08.361Z] [SUCCESS] Reverted 8,36,4
[2026-03-26T00:32:08.881Z] [SUCCESS] Reverted 8,9,4
[2026-03-26T00:32:09.482Z] [SUCCESS] Reverted 8,46,3
[2026-03-26T00:32:10.011Z] [SUCCESS] Reverted 8,21,4
[2026-03-26T00:32:10.506Z] [SUCCESS] Reverted 8,7,1
[2026-03-26T00:32:10.991Z] [SUCCESS] Reverted 8,32,4
[2026-03-26T00:32:11.507Z] [SUCCESS] Reverted 8,9,1
[2026-03-26T00:32:12.020Z] [SUCCESS] Reverted 8,26,3
[2026-03-26T00:32:12.511Z] [SUCCESS] Reverted 8,28,1
[2026-03-26T00:32:13.011Z] [SUCCESS] Reverted 8,35,2
[2026-03-26T00:32:13.592Z] [SUCCESS] Reverted 8,9,3
[2026-03-26T00:32:14.131Z] [SUCCESS] Reverted 8,101,3
[2026-03-26T00:32:14.691Z] [SUCCESS] Reverted 8,29,3
[2026-03-26T00:32:15.317Z] [SUCCESS] Reverted 8,14,3
[2026-03-26T00:32:15.840Z] [SUCCESS] Reverted 8,16,4
[2026-03-26T00:32:16.511Z] [SUCCESS] Reverted 8,11,2
[2026-03-26T00:32:17.011Z] [SUCCESS] Reverted 8,10,2
[2026-03-26T00:32:17.638Z] [SUCCESS] Reverted 8,102,2
[2026-03-26T00:32:18.139Z] [SUCCESS] Reverted 8,103,2
[2026-03-26T00:32:18.640Z] [SUCCESS] Reverted 8,25,3
[2026-03-26T00:32:19.120Z] [SUCCESS] Reverted 8,18,3
[2026-03-26T00:32:19.910Z] [SUCCESS] Reverted 8,17,4
[2026-03-26T00:32:20.519Z] [SUCCESS] Reverted 8,17,2
[2026-03-26T00:32:20.989Z] [SUCCESS] Reverted 8,25,1
[2026-03-26T00:32:21.479Z] [SUCCESS] Reverted 8,24,2
[2026-03-26T00:32:21.958Z] [SUCCESS] Reverted 8,11,3
[2026-03-26T00:32:22.439Z] [SUCCESS] Reverted 8,46,1
[2026-03-26T00:32:22.911Z] [SUCCESS] Reverted 8,23,1
[2026-03-26T00:32:23.409Z] [SUCCESS] Reverted 8,17,3
[2026-03-26T00:32:23.889Z] [SUCCESS] Reverted 8,16,2
[2026-03-26T00:32:24.390Z] [SUCCESS] Reverted 8,10,1
[2026-03-26T00:32:24.912Z] [SUCCESS] Reverted 8,29,1
[2026-03-26T00:32:25.741Z] [SUCCESS] Reverted 8,8,1
[2026-03-26T00:32:26.331Z] [SUCCESS] Reverted 8,8,4
[2026-03-26T00:32:27.001Z] [SUCCESS] Reverted 8,11,1
[2026-03-26T00:32:27.831Z] [SUCCESS] Reverted 8,35,4
[2026-03-26T00:32:28.350Z] [SUCCESS] Reverted 8,20,3
[2026-03-26T00:32:28.860Z] [SUCCESS] Reverted 8,103,3
[2026-03-26T18:11:48.634Z] [START] Rollback. CorrelationId: ui_exec_1774548263674. Siblings: 113
[2026-03-26T18:11:48.937Z] [SUCCESS] Reverted 8,28,2
[2026-03-26T18:11:49.627Z] [SUCCESS] Reverted 8,32,1
[2026-03-26T18:11:50.066Z] [SUCCESS] Reverted 8,33,3
[2026-03-26T18:11:50.536Z] [SUCCESS] Reverted 8,36,3
[2026-03-26T18:11:50.996Z] [SUCCESS] Reverted 8,30,4
[2026-03-26T18:11:51.445Z] [SUCCESS] Reverted 8,26,2
[2026-03-26T18:11:51.908Z] [SUCCESS] Reverted 8,31,2
[2026-03-26T18:11:52.518Z] [SUCCESS] Reverted 8,26,4
[2026-03-26T18:11:53.147Z] [SUCCESS] Reverted 8,7,2
[2026-03-26T18:11:53.613Z] [SUCCESS] Reverted 8,7,3
[2026-03-26T18:11:54.258Z] [SUCCESS] Reverted 8,9,4
[2026-03-26T18:11:54.737Z] [SUCCESS] Reverted 8,24,3
[2026-03-26T18:11:55.248Z] [SUCCESS] Reverted 8,32,4
[2026-03-26T18:11:55.829Z] [SUCCESS] Reverted 8,33,1
[2026-03-26T18:11:56.344Z] [SUCCESS] Reverted 8,16,4
[2026-03-26T18:11:56.968Z] [SUCCESS] Reverted 8,17,1
[2026-03-26T18:11:57.448Z] [SUCCESS] Reverted 8,26,1
[2026-03-26T18:11:58.067Z] [SUCCESS] Reverted 8,24,2
[2026-03-26T18:11:58.904Z] [SUCCESS] Reverted 8,20,2
[2026-03-26T18:11:59.475Z] [SUCCESS] Reverted 8,11,2
[2026-03-26T18:11:59.966Z] [SUCCESS] Reverted 8,17,2
[2026-03-26T18:12:00.427Z] [SUCCESS] Reverted 8,29,2
[2026-03-26T18:12:01.147Z] [SUCCESS] Reverted 8,25,1
[2026-03-26T18:12:01.599Z] [SUCCESS] Reverted 8,20,4
[2026-03-26T18:12:02.072Z] [SUCCESS] Reverted 8,8,4
[2026-03-26T18:12:02.548Z] [SUCCESS] Reverted 8,28,3
[2026-03-26T18:12:02.997Z] [SUCCESS] Reverted 8,8,1
[2026-03-26T18:12:03.462Z] [SUCCESS] Reverted 8,34,4
[2026-03-26T18:12:03.937Z] [SUCCESS] Reverted 8,46,3
[2026-03-26T18:12:04.407Z] [SUCCESS] Reverted 8,102,3
[2026-03-26T18:12:04.876Z] [SUCCESS] Reverted 8,35,2
[2026-03-26T18:12:05.328Z] [SUCCESS] Reverted 8,9,3
[2026-03-26T18:12:05.768Z] [SUCCESS] Reverted 8,17,4
[2026-03-26T18:12:06.213Z] [SUCCESS] Reverted 8,18,1
[2026-03-26T18:12:06.666Z] [SUCCESS] Reverted 8,26,3
[2026-03-26T18:12:07.127Z] [SUCCESS] Reverted 8,21,3
[2026-03-26T18:12:07.819Z] [SUCCESS] Reverted 8,31,4
[2026-03-26T18:12:08.358Z] [SUCCESS] Reverted 8,16,2
[2026-03-26T18:12:08.871Z] [SUCCESS] Reverted 8,9,2
[2026-03-26T18:12:09.330Z] [SUCCESS] Reverted 8,23,4
[2026-03-26T18:12:09.797Z] [SUCCESS] Reverted 8,34,2
[2026-03-26T18:12:10.252Z] [SUCCESS] Reverted 8,46,1
[2026-03-26T18:12:10.713Z] [SUCCESS] Reverted 8,34,1
[2026-03-26T18:12:11.156Z] [SUCCESS] Reverted 8,10,4
[2026-03-26T18:12:11.609Z] [SUCCESS] Reverted 8,101,2
[2026-03-26T18:12:12.097Z] [SUCCESS] Reverted 8,16,3
[2026-03-26T18:12:12.574Z] [SUCCESS] Reverted 8,34,3
[2026-03-26T18:12:13.025Z] [SUCCESS] Reverted 8,7,4
[2026-03-26T18:12:13.477Z] [SUCCESS] Reverted 8,24,4
[2026-03-26T18:12:13.965Z] [SUCCESS] Reverted 8,46,2
[2026-03-26T18:12:14.408Z] [SUCCESS] Reverted 8,33,2
[2026-03-26T18:12:14.988Z] [SUCCESS] Reverted 8,14,2
[2026-03-26T18:12:15.748Z] [SUCCESS] Reverted 8,27,2
[2026-03-26T18:12:16.526Z] [SUCCESS] Reverted 8,31,3
[2026-03-26T18:12:17.297Z] [SUCCESS] Reverted 8,9,1
[2026-03-26T18:12:18.148Z] [SUCCESS] Reverted 8,7,1
[2026-03-26T18:12:18.693Z] [SUCCESS] Reverted 8,36,1
[2026-03-26T18:12:19.178Z] [SUCCESS] Reverted 8,23,3
[2026-03-26T18:12:19.620Z] [SUCCESS] Reverted 8,29,3
[2026-03-26T18:12:20.076Z] [SUCCESS] Reverted 8,21,4
[2026-03-26T18:12:20.554Z] [SUCCESS] Reverted 8,22,2
[2026-03-26T18:12:21.017Z] [SUCCESS] Reverted 8,30,3
[2026-03-26T18:12:21.467Z] [SUCCESS] Reverted 8,10,1
[2026-03-26T18:12:21.936Z] [SUCCESS] Reverted 8,29,1
[2026-03-26T18:12:22.391Z] [SUCCESS] Reverted 8,23,1
[2026-03-26T18:12:22.833Z] [SUCCESS] Reverted 8,25,2
[2026-03-26T18:12:23.309Z] [SUCCESS] Reverted 8,23,2
[2026-03-26T18:12:23.848Z] [SUCCESS] Reverted 8,8,2
[2026-03-26T18:12:24.668Z] [SUCCESS] Reverted 8,14,4
[2026-03-26T18:12:25.276Z] [SUCCESS] Reverted 8,28,1
[2026-03-26T18:12:25.876Z] [SUCCESS] Reverted 8,11,4
[2026-03-26T18:12:26.431Z] [SUCCESS] Reverted 8,102,2
[2026-03-26T18:12:27.075Z] [SUCCESS] Reverted 8,18,2
[2026-03-26T18:12:27.964Z] [SUCCESS] Reverted 8,11,3
[2026-03-26T18:12:29.090Z] [SUCCESS] Reverted 8,27,3
[2026-03-26T18:12:29.669Z] [SUCCESS] Reverted 8,8,3
[2026-03-26T18:12:30.229Z] [SUCCESS] Reverted 8,35,1
[2026-03-26T18:12:30.735Z] [SUCCESS] Reverted 8,18,4
[2026-03-26T18:12:31.306Z] [SUCCESS] Reverted 8,25,3
[2026-03-26T18:12:31.813Z] [SUCCESS] Reverted 8,36,2
[2026-03-26T18:12:32.291Z] [SUCCESS] Reverted 8,10,2
[2026-03-26T18:12:32.835Z] [SUCCESS] Reverted 8,46,4
[2026-03-26T18:12:34.158Z] [SUCCESS] Reverted 8,14,1
[2026-03-26T18:12:34.656Z] [SUCCESS] Reverted 8,17,3
[2026-03-26T18:12:35.175Z] [SUCCESS] Reverted 8,101,3
[2026-03-26T18:12:35.688Z] [SUCCESS] Reverted 8,33,4
[2026-03-26T18:12:36.308Z] [SUCCESS] Reverted 8,32,3
[2026-03-26T18:12:36.815Z] [SUCCESS] Reverted 8,103,2
[2026-03-26T18:12:37.410Z] [SUCCESS] Reverted 8,18,3
[2026-03-26T18:12:38.142Z] [SUCCESS] Reverted 8,16,1
[2026-03-26T18:12:38.872Z] [SUCCESS] Reverted 8,36,4
[2026-03-26T18:12:39.347Z] [SUCCESS] Reverted 8,35,4
[2026-03-26T18:12:39.891Z] [SUCCESS] Reverted 8,21,2
[2026-03-26T18:12:40.488Z] [SUCCESS] Reverted 8,32,2
[2026-03-26T18:12:41.157Z] [SUCCESS] Reverted 8,22,1
[2026-03-26T18:12:41.719Z] [SUCCESS] Reverted 8,101,4
[2026-03-26T18:12:42.218Z] [SUCCESS] Reverted 8,103,3
[2026-03-26T18:12:42.778Z] [SUCCESS] Reverted 8,31,1
[2026-03-26T18:12:43.266Z] [SUCCESS] Reverted 8,29,4
[2026-03-26T18:12:43.723Z] [SUCCESS] Reverted 8,28,4
[2026-03-26T18:12:44.218Z] [SUCCESS] Reverted 8,30,1
[2026-03-26T18:12:44.703Z] [SUCCESS] Reverted 8,25,4
[2026-03-26T18:12:45.206Z] [SUCCESS] Reverted 8,20,3
[2026-03-26T18:12:45.686Z] [SUCCESS] Reverted 8,35,3
[2026-03-26T18:12:46.159Z] [SUCCESS] Reverted 8,20,1
[2026-03-26T18:12:46.618Z] [SUCCESS] Reverted 8,27,1
[2026-03-26T18:12:47.136Z] [SUCCESS] Reverted 8,11,1
[2026-03-26T18:12:47.937Z] [SUCCESS] Reverted 8,30,2
[2026-03-26T18:12:48.689Z] [SUCCESS] Reverted 8,27,4
[2026-03-26T18:12:49.416Z] [SUCCESS] Reverted 8,24,1
[2026-03-26T18:12:49.992Z] [SUCCESS] Reverted 8,21,1
[2026-03-26T18:12:50.463Z] [SUCCESS] Reverted 8,10,3
[2026-03-26T18:12:50.928Z] [SUCCESS] Reverted 8,14,3
[2026-03-26T18:15:31.647Z] [START] Rollback. CorrelationId: ui_exec_1774548873378. Siblings: 113
[2026-03-26T18:15:31.892Z] [SUCCESS] Reverted 8,7,1
[2026-03-26T18:15:32.330Z] [SUCCESS] Reverted 8,34,2
[2026-03-26T18:15:32.773Z] [SUCCESS] Reverted 8,21,1
[2026-03-26T18:15:33.356Z] [SUCCESS] Reverted 8,32,1
[2026-03-26T18:15:33.882Z] [SUCCESS] Reverted 8,101,4
[2026-03-26T18:15:34.449Z] [SUCCESS] Reverted 8,28,1
[2026-03-26T18:15:34.914Z] [SUCCESS] Reverted 8,28,2
[2026-03-26T18:15:35.374Z] [SUCCESS] Reverted 8,17,4
[2026-03-26T18:15:35.887Z] [SUCCESS] Reverted 8,11,4
[2026-03-26T18:15:36.435Z] [SUCCESS] Reverted 8,25,4
[2026-03-26T18:15:36.859Z] [SUCCESS] Reverted 8,8,2
[2026-03-26T18:15:37.330Z] [SUCCESS] Reverted 8,20,4
[2026-03-26T18:15:37.772Z] [SUCCESS] Reverted 8,10,2
[2026-03-26T18:15:38.322Z] [SUCCESS] Reverted 8,17,3
[2026-03-26T18:15:38.815Z] [SUCCESS] Reverted 8,30,2
[2026-03-26T18:15:39.292Z] [SUCCESS] Reverted 8,8,4
[2026-03-26T18:15:39.712Z] [SUCCESS] Reverted 8,34,4
[2026-03-26T18:15:40.113Z] [SUCCESS] Reverted 8,26,2
[2026-03-26T18:15:40.538Z] [SUCCESS] Reverted 8,16,2
[2026-03-26T18:15:40.963Z] [SUCCESS] Reverted 8,14,1
[2026-03-26T18:15:41.406Z] [SUCCESS] Reverted 8,103,3
[2026-03-26T18:15:41.820Z] [SUCCESS] Reverted 8,24,4
[2026-03-26T18:15:42.247Z] [SUCCESS] Reverted 8,18,2
[2026-03-26T18:15:42.663Z] [SUCCESS] Reverted 8,32,3
[2026-03-26T18:15:43.079Z] [SUCCESS] Reverted 8,102,3
[2026-03-26T18:15:43.509Z] [SUCCESS] Reverted 8,31,4
[2026-03-26T18:15:43.972Z] [SUCCESS] Reverted 8,17,2
[2026-03-26T18:15:44.465Z] [SUCCESS] Reverted 8,33,4
[2026-03-26T18:15:44.917Z] [SUCCESS] Reverted 8,27,2
[2026-03-26T18:15:45.421Z] [SUCCESS] Reverted 8,103,2
[2026-03-26T18:15:45.838Z] [SUCCESS] Reverted 8,34,3
[2026-03-26T18:15:46.268Z] [SUCCESS] Reverted 8,35,1
[2026-03-26T18:15:46.703Z] [SUCCESS] Reverted 8,29,1
[2026-03-26T18:15:47.140Z] [SUCCESS] Reverted 8,18,3
[2026-03-26T18:15:47.581Z] [SUCCESS] Reverted 8,25,2
[2026-03-26T18:15:48.055Z] [SUCCESS] Reverted 8,30,3
[2026-03-26T18:15:48.597Z] [SUCCESS] Reverted 8,22,1
[2026-03-26T18:15:49.094Z] [SUCCESS] Reverted 8,30,4
[2026-03-26T18:15:49.562Z] [SUCCESS] Reverted 8,14,3
[2026-03-26T18:15:49.989Z] [SUCCESS] Reverted 8,102,2
[2026-03-26T18:15:50.421Z] [SUCCESS] Reverted 8,8,1
[2026-03-26T18:15:50.866Z] [SUCCESS] Reverted 8,17,1
[2026-03-26T18:15:51.289Z] [SUCCESS] Reverted 8,33,1
[2026-03-26T18:15:51.721Z] [SUCCESS] Reverted 8,36,4
[2026-03-26T18:15:52.213Z] [SUCCESS] Reverted 8,32,4
[2026-03-26T18:15:52.689Z] [SUCCESS] Reverted 8,36,1
[2026-03-26T18:15:53.327Z] [SUCCESS] Reverted 8,34,1
[2026-03-26T18:15:53.858Z] [SUCCESS] Reverted 8,24,3
[2026-03-26T18:15:54.338Z] [SUCCESS] Reverted 8,21,4
[2026-03-26T18:15:54.829Z] [SUCCESS] Reverted 8,46,2
[2026-03-26T18:15:55.302Z] [SUCCESS] Reverted 8,7,4
[2026-03-26T18:15:55.764Z] [SUCCESS] Reverted 8,24,1
[2026-03-26T18:15:56.225Z] [SUCCESS] Reverted 8,27,4
[2026-03-26T18:15:56.652Z] [SUCCESS] Reverted 8,21,2
[2026-03-26T18:15:57.083Z] [SUCCESS] Reverted 8,18,1
[2026-03-26T18:15:57.549Z] [SUCCESS] Reverted 8,23,4
[2026-03-26T18:15:57.992Z] [SUCCESS] Reverted 8,101,3
[2026-03-26T18:15:58.471Z] [SUCCESS] Reverted 8,31,1
[2026-03-26T18:15:58.981Z] [SUCCESS] Reverted 8,29,3
[2026-03-26T18:15:59.602Z] [SUCCESS] Reverted 8,9,2
[2026-03-26T18:16:00.053Z] [SUCCESS] Reverted 8,36,3
[2026-03-26T18:16:00.508Z] [SUCCESS] Reverted 8,26,4
[2026-03-26T18:16:00.959Z] [SUCCESS] Reverted 8,35,3
[2026-03-26T18:16:01.403Z] [SUCCESS] Reverted 8,31,2
[2026-03-26T18:16:01.849Z] [SUCCESS] Reverted 8,20,1
[2026-03-26T18:16:02.303Z] [SUCCESS] Reverted 8,11,3
[2026-03-26T18:16:02.742Z] [SUCCESS] Reverted 8,18,4
[2026-03-26T18:16:03.191Z] [SUCCESS] Reverted 8,9,1
[2026-03-26T18:16:03.628Z] [SUCCESS] Reverted 8,21,3
[2026-03-26T18:16:04.070Z] [SUCCESS] Reverted 8,23,2
[2026-03-26T18:16:04.545Z] [SUCCESS] Reverted 8,28,3
[2026-03-26T18:16:05.068Z] [SUCCESS] Reverted 8,33,2
[2026-03-26T18:16:05.598Z] [SUCCESS] Reverted 8,101,2
[2026-03-26T18:16:06.070Z] [SUCCESS] Reverted 8,26,1
[2026-03-26T18:16:06.502Z] [SUCCESS] Reverted 8,10,3
[2026-03-26T18:16:06.987Z] [SUCCESS] Reverted 8,14,2
[2026-03-26T18:16:07.435Z] [SUCCESS] Reverted 8,25,3
[2026-03-26T18:16:07.869Z] [SUCCESS] Reverted 8,16,4
[2026-03-26T18:16:08.307Z] [SUCCESS] Reverted 8,25,1
[2026-03-26T18:16:08.778Z] [SUCCESS] Reverted 8,35,2
[2026-03-26T18:16:09.278Z] [SUCCESS] Reverted 8,8,3
[2026-03-26T18:16:09.799Z] [SUCCESS] Reverted 8,46,4
[2026-03-26T18:16:10.245Z] [SUCCESS] Reverted 8,9,3
[2026-03-26T18:16:10.679Z] [SUCCESS] Reverted 8,10,4
[2026-03-26T18:16:11.104Z] [SUCCESS] Reverted 8,9,4
[2026-03-26T18:16:11.574Z] [SUCCESS] Reverted 8,36,2
[2026-03-26T18:16:12.024Z] [SUCCESS] Reverted 8,46,1
[2026-03-26T18:16:12.507Z] [SUCCESS] Reverted 8,22,2
[2026-03-26T18:16:12.957Z] [SUCCESS] Reverted 8,11,1
[2026-03-26T18:16:13.399Z] [SUCCESS] Reverted 8,35,4
[2026-03-26T18:16:13.861Z] [SUCCESS] Reverted 8,7,3
[2026-03-26T18:16:14.278Z] [SUCCESS] Reverted 8,24,2
[2026-03-26T18:16:14.731Z] [SUCCESS] Reverted 8,27,3
[2026-03-26T18:16:15.176Z] [SUCCESS] Reverted 8,16,3
[2026-03-26T18:16:15.585Z] [SUCCESS] Reverted 8,46,3
[2026-03-26T18:16:16.055Z] [SUCCESS] Reverted 8,33,3
[2026-03-26T18:16:16.456Z] [SUCCESS] Reverted 8,23,3
[2026-03-26T18:16:16.872Z] [SUCCESS] Reverted 8,16,1
[2026-03-26T18:16:17.282Z] [SUCCESS] Reverted 8,10,1
[2026-03-26T18:16:17.705Z] [SUCCESS] Reverted 8,31,3
[2026-03-26T18:16:18.122Z] [SUCCESS] Reverted 8,29,4
[2026-03-26T18:16:18.555Z] [SUCCESS] Reverted 8,27,1
[2026-03-26T18:16:19.057Z] [SUCCESS] Reverted 8,11,2
[2026-03-26T18:16:19.488Z] [SUCCESS] Reverted 8,20,3
[2026-03-26T18:16:19.898Z] [SUCCESS] Reverted 8,28,4
[2026-03-26T18:16:20.359Z] [SUCCESS] Reverted 8,32,2
[2026-03-26T18:16:20.780Z] [SUCCESS] Reverted 8,30,1
[2026-03-26T18:16:21.206Z] [SUCCESS] Reverted 8,7,2
[2026-03-26T18:16:21.613Z] [SUCCESS] Reverted 8,26,3
[2026-03-26T18:16:22.056Z] [SUCCESS] Reverted 8,20,2
[2026-03-26T18:16:22.483Z] [SUCCESS] Reverted 8,14,4
[2026-03-26T18:16:22.909Z] [SUCCESS] Reverted 8,29,2
[2026-03-26T18:16:23.337Z] [SUCCESS] Reverted 8,23,1
