
[7m[1m[33m NX [39m[22m[27m  [33mNx Daemon was not able to compute the project graph.[39m

Log file with the error: C:\dev\soporte\quetzaltic\.nx\workspace-data\d\daemon-error.log
Please file an issue at https://github.com/nrwl/nx
Nx Daemon is going to be disabled until you run "nx reset".


[2m> [22m[2mnx run[22m quetzaltic-ui:serve:development --port 4200

[33m❯[39m Building...
[32m✔[39m Building...
[37m[1mInitial chunk files[22m[2m | [22m[1mNames[22m        [2m | [22m [1mRaw size[22m
[32mmain.js[37m            [2m | [22m[2mmain[22m         [2m | [22m[36m347.05 kB[37m[2m | [22m
[32mstyles.css[37m         [2m | [22m[2mstyles[22m       [2m | [22m [36m42.17 kB[37m[2m | [22m
[1m [22m                  [2m | [22m[1mInitial total[22m[2m | [22m[1m389.22 kB[22m
Application bundle generation complete. [14.369 seconds] - 2026-03-26T19:28:09.912Z
[39m
[37mWatch mode enabled. Watching for file changes...[39m
[37mNOTE: Raw file sizes do not reflect development server per-request transformations.[39m
  [32m➜[39m  [1mLocal[22m:   [36mhttp://localhost:[1m4200[22m/[39m
[2m[32m  ➜[39m[22m[2m  press [22m[1mh + enter[22m[2m to show help[22m
[33m❯[39m Changes detected. Rebuilding...
[32m✔[39m Changes detected. Rebuilding...
[37mApplication bundle generation failed. [8.755 seconds] - 2026-03-26T19:30:44.703Z
[39m
[33m❯[39m Changes detected. Rebuilding...
[32m✔[39m Changes detected. Rebuilding...
[37mApplication bundle generation failed. [0.592 seconds] - 2026-03-26T19:30:52.465Z
[39m
[33m❯[39m Changes detected. Rebuilding...
[32m✔[39m Changes detected. Rebuilding...
[37m[1mInitial chunk files[22m[2m | [22m[1mNames[22m        [2m | [22m [1mRaw size[22m
[32mmain.js[37m            [2m | [22m[2mmain[22m         [2m | [22m[36m336.17 kB[37m[2m | [22m
[32mstyles.css[37m         [2m | [22m[2mstyles[22m       [2m | [22m [36m42.24 kB[37m[2m | [22m
[1m [22m                  [2m | [22m[1mInitial total[22m[2m | [22m[1m378.41 kB[22m
Application bundle generation complete. [4.267 seconds] - 2026-03-26T19:31:25.454Z
[39m
[37mPage reload sent to client(s).[39m
