
[2m> [22m[2mnx run[22m quetzaltic-ui:serve:development

[33mÔØ»[39m Building...
[32mÔ£ö[39m Building...
[37m[1mInitial chunk files[22m[2m | [22m[1mNames[22m        [2m | [22m [1mRaw size[22m
[32mmain.js[37m            [2m | [22m[2mmain[22m         [2m | [22m[36m282.92 kB[37m[2m | [22m
[32mstyles.css[37m         [2m | [22m[2mstyles[22m       [2m | [22m [36m33.06 kB[37m[2m | [22m
[1m [22m                  [2m | [22m[1mInitial total[22m[2m | [22m[1m315.98 kB[22m
Application bundle generation complete. [9.506 seconds] - 2026-03-19T15:51:21.042Z
[39m
node.exe : 
[1m[33m[33mÔû▓ [43;
33m[[43;30mWARNING[43
;33m][0m [1mNG8107: 
NG8107: The left side 
of this optional chain 
operation does not 
include 'null' or 
'undefined' in its 
type, therefore the 
'?.' operator can be 
replaced with the '.' 
operator. Find more at 
https://v21.angular.dev
/extended-diagnostics/N
G8107[0m 
[1m[35m[plugin 
angular-compiler][0m
En línea: 1 Carácter: 1
+ & "C:\Program 
Files\nodejs/node.exe" 
"C:\Program 
Files\nodejs/node_mo 
...
+ ~~~~~~~~~~~~~~~~~~~~~
~~~~~~~~~~~~~~~~~~~~~~~
~~~~~~~~~~~~~~~~~~~~~~~
~~
    + CategoryInfo     
         : NotSpecifi  
  ed: ([1m[33m[33   
 mÔ...r-compiler][    
0m:String) [], Rem    
oteException
    + FullyQualifiedEr 
   rorId : NativeComm  
  andError
 
    apps/quetzaltic-ui/
src/app/operations/oper
ations.component.html:7
3:32:
[37m      73 Ôöé      
           {{ previewDa
ta?.[32mtable[37m }}
         ÔòÁ           
                      
[32m~~~~~[0m
  Warning occurs in 
the template of 
component 
OperationsComponent.
    apps/quetzaltic-ui/
src/app/operations/oper
ations.component.ts:10:
17:
[37m      10 Ôöé     
templateUrl: [32m'./op
erations.component.html
'[37m,
         ÔòÁ           
       [32m~~~~~~~~~~~
~~~~~~~~~~~~~~~~~~[0m
[33mÔû▓ [43;33m[[43;
30mWARNING[43;33m][0m
 [1mNG8107: NG8107: 
The left side of this 
optional chain 
operation does not 
include 'null' or 
'undefined' in its 
type, therefore the 
'?.' operator can be 
replaced with the '.' 
operator. Find more at 
https://v21.angular.dev
/extended-diagnostics/N
G8107[0m 
[1m[35m[plugin 
angular-compiler][0m
    apps/quetzaltic-ui/
src/app/operations/oper
ations.component.html:9
3:41:
[37m      93 Ôöé ...  
 <div *ngIf="previewDat
a?.[32mrecords[37m?.[
0]?.resolutions?.[key]"
 c...
         ÔòÁ           
                     
[32m~~~~~~~[0m
  Warning occurs in 
the template of 
component 
OperationsComponent.
    apps/quetzaltic-ui/
src/app/operations/oper
ations.component.ts:10:
17:
[37m      10 Ôöé     
templateUrl: [32m'./op
erations.component.html
'[37m,
         ÔòÁ           
       [32m~~~~~~~~~~~
~~~~~~~~~~~~~~~~~~[0m
[33mÔû▓ [43;33m[[43;
30mWARNING[43;33m][0m
 [1mNG8107: NG8107: 
The left side of this 
optional chain 
operation does not 
include 'null' or 
'undefined' in its 
type, therefore the 
'?.' operator can be 
replaced with the '.' 
operator. Find more at 
https://v21.angular.dev
/extended-diagnostics/N
G8107[0m 
[1m[35m[plugin 
ang[39m[22m
[1m[33mular-compiler]
[0m
    apps/quetzaltic-ui/
src/app/operations/oper
ations.component.html:9
3:262:
[37m      93 Ôöé 
...sans" [title]="previ
ewData?.[32mrecords[3
7m?.[0]?.resolutions?.[
key] ||...
         ÔòÁ           
                     
[32m~~~~~~~[0m
  Warning occurs in 
the template of 
component 
OperationsComponent.
    apps/quetzaltic-ui/
src/app/operations/oper
ations.component.ts:10:
17:
[37m      10 Ôöé     
templateUrl: [32m'./op
erations.component.html
'[37m,
         ÔòÁ           
       [32m~~~~~~~~~~~
~~~~~~~~~~~~~~~~~~[0m
[33mÔû▓ [43;33m[[43;
30mWARNING[43;33m][0m
 [1mNG8107: NG8107: 
The left side of this 
optional chain 
operation does not 
include 'null' or 
'undefined' in its 
type, therefore the 
'?.' operator can be 
replaced with the '.' 
operator. Find more at 
https://v21.angular.dev
/extended-diagnostics/N
G8107[0m 
[1m[35m[plugin 
angular-compiler][0m
    apps/quetzaltic-ui/
src/app/operations/oper
ations.component.html:9
4:34:
[37m      94 Ôöé      
             {{ preview
Data?.[32mrecords[37m
?.[0]?.resolutions?.[ke
y] }}
         ÔòÁ           
                       
 [32m~~~~~~~[0m
  Warning occurs in 
the template of 
component 
OperationsComponent.
    apps/quetzaltic-ui/
src/app/operations/oper
ations.component.ts:10:
17:
[37m      10 Ôöé     
templateUrl: [32m'./op
erations.component.html
'[37m,
         ÔòÁ           
       [32m~~~~~~~~~~~
~~~~~~~~~~~~~~~~~~[0m
[33mÔû▓ [43;33m[[43;
30mWARNING[43;33m][0m
 [1mNG8107: NG8107: 
The left side of this 
optional chain 
operation does not 
include 'null' or 
'undefined' in its 
type, therefore the 
'?.' operator can be 
replaced with the '.' 
operator. Find more at 
https://v21.angular.dev
/extended-diagnostics/N
G8107[0m 
[1m[35m[plugin 
angular-compiler][0m
    apps/quetzaltic-ui/
src/app/operations/oper
ations.component.html:1
71:80:
[37m      171 Ôöé 
...Localizados [{{ prev
iewData?.[32mtable[37
m }}]: {{ 
previewData?.count ...
          ÔòÁ          
                       
[32m~~~~~[0m
  Warning occurs in 
the template 
o[39m[22m[1m[33mf 
component 
OperationsComponent.
    apps/quetzaltic-ui/
src/app/operations/oper
ations.component.ts:10:
17:
[37m      10 Ôöé     
templateUrl: [32m'./op
erations.component.html
'[37m,
         ÔòÁ           
       [32m~~~~~~~~~~~
~~~~~~~~~~~~~~~~~~[0m
[33mÔû▓ [43;33m[[43;
30mWARNING[43;33m][0m
 [1mNG8107: NG8107: 
The left side of this 
optional chain 
operation does not 
include 'null' or 
'undefined' in its 
type, therefore the 
'?.' operator can be 
replaced with the '.' 
operator. Find more at 
https://v21.angular.dev
/extended-diagnostics/N
G8107[0m 
[1m[35m[plugin 
angular-compiler][0m
    apps/quetzaltic-ui/
src/app/operations/oper
ations.component.html:1
71:107:
[37m      171 Ôöé 
...izados [{{ 
previewData?.table 
}}]: {{ previewData?.[
32mcount[37m }}</div>
          ÔòÁ          
                       
                      
[32m~~~~~[0m
  Warning occurs in 
the template of 
component 
OperationsComponent.
    apps/quetzaltic-ui/
src/app/operations/oper
ations.component.ts:10:
17:
[37m      10 Ôöé     
templateUrl: [32m'./op
erations.component.html
'[37m,
         ÔòÁ           
       [32m~~~~~~~~~~~
~~~~~~~~~~~~~~~~~~[0m
[33mÔû▓ [43;33m[[43;
30mWARNING[43;33m][0m
 [1mNG8107: NG8107: 
The left side of this 
optional chain 
operation does not 
include 'null' or 
'undefined' in its 
type, therefore the 
'?.' operator can be 
replaced with the '.' 
operator. Find more at 
https://v21.angular.dev
/extended-diagnostics/N
G8107[0m 
[1m[35m[plugin 
angular-compiler][0m
    apps/quetzaltic-ui/
src/app/operations/oper
ations.component.html:1
72:73:
[37m      172 Ôöé 
...00">> Coincidencia 
por: {{ previewData?.[
32mpkColumn[37m }} / 
WHERE</div>
          ÔòÁ          
                       
           
[32m~~~~~~~~[0m
  Warning occurs in 
the template of 
component 
OperationsComponent.
    apps/quetzaltic-ui/
src/app/operations/oper
ations.component.ts:10:
17:
[37m      10 Ôöé     
templateUrl: [32m'./op
erations.component.html
'[37m,
         ÔòÁ           
       [32m~~~~~~~~~~~
~~~~~~~~~~~~~~~~~~[0m
[39m[22m[1m[33m[33
mÔû▓ [43;33m[[43;30mW
ARNING[43;33m][0m 
[1mNG8107: NG8107: 
The left side of this 
optional chain 
operation does not 
include 'null' or 
'undefined' in its 
type, therefore the 
'?.' operator can be 
replaced with the '.' 
operator. Find more at 
https://v21.angular.dev
/extended-diagnostics/N
G8107[0m 
[1m[35m[plugin 
angular-compiler][0m
    apps/quetzaltic-ui/
src/app/operations/oper
ations.component.html:1
74:136:
[37m      174 Ôöé 
...w-x-auto">{{ formatJ
son(previewData?.[32mr
ecords[37m?.[0]?.data)
 }}</pre>
          ÔòÁ          
                       
        
[32m~~~~~~~[0m
  Warning occurs in 
the template of 
component 
OperationsComponent.
    apps/quetzaltic-ui/
src/app/operations/oper
ations.component.ts:10:
17:
[37m      10 Ôöé     
templateUrl: [32m'./op
erations.component.html
'[37m,
         ÔòÁ           
       [32m~~~~~~~~~~~
~~~~~~~~~~~~~~~~~~[0m
[33mÔû▓ [43;33m[[43;
30mWARNING[43;33m][0m
 [1mNG8107: NG8107: 
The left side of this 
optional chain 
operation does not 
include 'null' or 
'undefined' in its 
type, therefore the 
'?.' operator can be 
replaced with the '.' 
operator. Find more at 
https://v21.angular.dev
/extended-diagnostics/N
G8107[0m 
[1m[35m[plugin 
angular-compiler][0m
    apps/quetzaltic-ui/
src/app/operations/oper
ations.component.html:1
81:35:
[37m      181 Ôöé ... 
  <div *ngIf="previewDa
ta?.[32mrecords[37m?.
[0]?.resolutions && 
objec...
          ÔòÁ          
                      
[32m~~~~~~~[0m
  Warning occurs in 
the template of 
component 
OperationsComponent.
    apps/quetzaltic-ui/
src/app/operations/oper
ations.component.ts:10:
17:
[37m      10 Ôöé     
templateUrl: [32m'./op
erations.component.html
'[37m,
         ÔòÁ           
       [32m~~~~~~~~~~~
~~~~~~~~~~~~~~~~~~[0m
[33mÔû▓ [43;33m[[43;
30mWARNING[43;33m][0m
 [1mNG8107: NG8107: 
The left side of this 
optional chain 
operation does not 
include 'null' or 
'undefined' in its 
type, therefore the 
'?.' operator can be 
replaced with the '.' 
operator. Find more at 
https://v21.angular.dev
/extended-[39m[22m[1
m[33mdiagnostics/NG810
7[0m [1m[35m[plugin 
angular-compiler][0m
    apps/quetzaltic-ui/
src/app/operations/oper
ations.component.html:1
81:88:
[37m      181 Ôöé ... 
&& objectKeys(previewDa
ta?.[32mrecords[37m?.
[0]?.resolutions).lengt
h ...
          ÔòÁ          
                      
[32m~~~~~~~[0m
  Warning occurs in 
the template of 
component 
OperationsComponent.
    apps/quetzaltic-ui/
src/app/operations/oper
ations.component.ts:10:
17:
[37m      10 Ôöé     
templateUrl: [32m'./op
erations.component.html
'[37m,
         ÔòÁ           
       [32m~~~~~~~~~~~
~~~~~~~~~~~~~~~~~~[0m
[33mÔû▓ [43;33m[[43;
30mWARNING[43;33m][0m
 [1mNG8107: NG8107: 
The left side of this 
optional chain 
operation does not 
include 'null' or 
'undefined' in its 
type, therefore the 
'?.' operator can be 
replaced with the '.' 
operator. Find more at 
https://v21.angular.dev
/extended-diagnostics/N
G8107[0m 
[1m[35m[plugin 
angular-compiler][0m
    apps/quetzaltic-ui/
src/app/operations/oper
ations.component.html:1
83:141:
[37m      183 Ôöé 
...o">{{ formatJson(pre
viewData?.[32mrecords
[37m?.[0]?.resolutions)
 }}</pre>
          ÔòÁ          
                       
 [32m~~~~~~~[0m
  Warning occurs in 
the template of 
component 
OperationsComponent.
    apps/quetzaltic-ui/
src/app/operations/oper
ations.component.ts:10:
17:
[37m      10 Ôöé     
templateUrl: [32m'./op
erations.component.html
'[37m,
         ÔòÁ           
       [32m~~~~~~~~~~~
~~~~~~~~~~~~~~~~~~[0m
[33mÔû▓ [43;33m[[43;
30mWARNING[43;33m][0m
 [1mNG8107: NG8107: 
The left side of this 
optional chain 
operation does not 
include 'null' or 
'undefined' in its 
type, therefore the 
'?.' operator can be 
replaced with the '.' 
operator. Find more at 
https://v21.angular.dev
/extended-diagnostics/N
G8107[0m 
[1m[35m[plugin 
angular-compiler][0m
    apps/quetzaltic-ui/
src/app/operations/oper
ations.component.html:1
98:143:
[37m      198 Ôöé ... 
text-xs">{{ formatJson(
previewData?.[32mrecor
ds[37m?.[0]?.data) 
}}</pre>
          ÔòÁ          
                       
   [39m[22m[1m[33m 
    [32m~~~~~~~[0m
  Warning occurs in 
the template of 
component 
OperationsComponent.
    apps/quetzaltic-ui/
src/app/operations/oper
ations.component.ts:10:
17:
[37m      10 Ôöé     
templateUrl: [32m'./op
erations.component.html
'[37m,
         ÔòÁ           
       [32m~~~~~~~~~~~
~~~~~~~~~~~~~~~~~~[0m
[39m[22m
[37mWatch mode enabled. Watching for file changes...[39m
[37mNOTE: Raw file sizes do not reflect development server per-request transformations.[39m
  [32mÔ×£[39m  [1mLocal[22m:   [36mhttp://localhost:[1m4200[22m/[39m
[2m[32m  Ô×£[39m[22m[2m  press [22m[1mh + enter[22m[2m to show help[22m
[33mÔØ»[39m Changes detected. Rebuilding...
[32mÔ£ö[39m Changes detected. Rebuilding...
[37m[1mInitial chunk files[22m[2m | [22m[1mNames[22m        [2m | [22m [1mRaw size[22m
[32mmain.js[37m            [2m | [22m[2mmain[22m         [2m | [22m[36m286.88 kB[37m[2m | [22m
[32mstyles.css[37m         [2m | [22m[2mstyles[22m       [2m | [22m [36m33.12 kB[37m[2m | [22m
[1m [22m                  [2m | [22m[1mInitial total[22m[2m | [22m[1m320.00 kB[22m
Application bundle generation complete. [10.309 seconds] - 2026-03-19T16:13:39.545Z
[39m
[1m[33m[33mÔû▓ [43;
33m[[43;30mWARNING[43
;33m][0m [1mNG8107: 
NG8107: The left side 
of this optional chain 
operation does not 
include 'null' or 
'undefined' in its 
type, therefore the 
'?.' operator can be 
replaced with the '.' 
operator. Find more at 
https://v21.angular.dev
/extended-diagnostics/N
G8107[0m 
[1m[35m[plugin 
angular-compiler][0m
    apps/quetzaltic-ui/
src/app/operations/oper
ations.component.html:7
3:32:
[37m      73 Ôöé      
           {{ previewDa
ta?.[32mtable[37m }}
         ÔòÁ           
                      
[32m~~~~~[0m
  Warning occurs in 
the template of 
component 
OperationsComponent.
    apps/quetzaltic-ui/
src/app/operations/oper
ations.component.ts:10:
17:
[37m      10 Ôöé     
templateUrl: [32m'./op
erations.component.html
'[37m,
         ÔòÁ           
       [32m~~~~~~~~~~~
~~~~~~~~~~~~~~~~~~[0m
[33mÔû▓ [43;33m[[43;
30mWARNING[43;33m][0m
 [1mNG8107: NG8107: 
The left side of this 
optional chain 
operation does not 
include 'null' or 
'undefined' in its 
type, therefore the 
'?.' operator can be 
replaced with the '.' 
operator. Find more at 
https://v21.angular.dev
/extended-diagnostics/N
G8107[0m 
[1m[35m[plugin 
angular-compiler][0m
    apps/quetzaltic-ui/
src/app/operations/oper
ations.component.html:9
3:41:
[37m      93 Ôöé ...  
 <div *ngIf="previewDat
a?.[32mrecords[37m?.[
0]?.resolutions?.[key]"
 c...
         ÔòÁ           
                     
[32m~~~~~~~[0m
  Warning occurs in 
the template of 
component 
OperationsComponent.
    apps/quetzaltic-ui/
src/app/operations/oper
ations.component.ts:10:
17:
[37m      10 Ôöé     
templateUrl: [32m'./op
erations.component.html
'[37m,
         ÔòÁ           
       [32m~~~~~~~~~~~
~~~~~~~~~~~~~~~~~~[0m
[33mÔû▓ [43;33m[[43;
30mWARNING[43;33m][0m
 [1mNG8107: NG8107: 
The left side of this 
optional chain 
operation does not 
include 'null' or 
'undefined' in its 
type, therefore the 
'?.' operator can be 
replaced with the '.' 
operator. Find more at 
https://v21.angular.dev
/extended-diagnostics/N
G8107[0m 
[1m[35m[plugin ang[3
9m[22m[1m[33mular-co
mpiler][0m
    apps/quetzaltic-ui/
src/app/operations/oper
ations.component.html:9
3:262:
[37m      93 Ôöé 
...sans" [title]="previ
ewData?.[32mrecords[3
7m?.[0]?.resolutions?.[
key] ||...
         ÔòÁ           
                     
[32m~~~~~~~[0m
  Warning occurs in 
the template of 
component 
OperationsComponent.
    apps/quetzaltic-ui/
src/app/operations/oper
ations.component.ts:10:
17:
[37m      10 Ôöé     
templateUrl: [32m'./op
erations.component.html
'[37m,
         ÔòÁ           
       [32m~~~~~~~~~~~
~~~~~~~~~~~~~~~~~~[0m
[33mÔû▓ [43;33m[[43;
30mWARNING[43;33m][0m
 [1mNG8107: NG8107: 
The left side of this 
optional chain 
operation does not 
include 'null' or 
'undefined' in its 
type, therefore the 
'?.' operator can be 
replaced with the '.' 
operator. Find more at 
https://v21.angular.dev
/extended-diagnostics/N
G8107[0m 
[1m[35m[plugin 
angular-compiler][0m
    apps/quetzaltic-ui/
src/app/operations/oper
ations.component.html:9
4:34:
[37m      94 Ôöé      
             {{ preview
Data?.[32mrecords[37m
?.[0]?.resolutions?.[ke
y] }}
         ÔòÁ           
                       
 [32m~~~~~~~[0m
  Warning occurs in 
the template of 
component 
OperationsComponent.
    apps/quetzaltic-ui/
src/app/operations/oper
ations.component.ts:10:
17:
[37m      10 Ôöé     
templateUrl: [32m'./op
erations.component.html
'[37m,
         ÔòÁ           
       [32m~~~~~~~~~~~
~~~~~~~~~~~~~~~~~~[0m
[33mÔû▓ [43;33m[[43;
30mWARNING[43;33m][0m
 [1mNG8107: NG8107: 
The left side of this 
optional chain 
operation does not 
include 'null' or 
'undefined' in its 
type, therefore the 
'?.' operator can be 
replaced with the '.' 
operator. Find more at 
https://v21.angular.dev
/extended-diagnostics/N
G8107[0m 
[1m[35m[plugin 
angular-compiler][0m
    apps/quetzaltic-ui/
src/app/operations/oper
ations.component.html:1
71:80:
[37m      171 Ôöé 
...Localizados [{{ prev
iewData?.[32mtable[37
m }}]: {{ 
previewData?.count ...
          ÔòÁ          
                       
[32m~~~~~[0m
  Warning occurs in 
the template 
o[39m[22m[1m[33mf 
component 
OperationsComponent.
    apps/quetzaltic-ui/
src/app/operations/oper
ations.component.ts:10:
17:
[37m      10 Ôöé     
templateUrl: [32m'./op
erations.component.html
'[37m,
         ÔòÁ           
       [32m~~~~~~~~~~~
~~~~~~~~~~~~~~~~~~[0m
[33mÔû▓ [43;33m[[43;
30mWARNING[43;33m][0m
 [1mNG8107: NG8107: 
The left side of this 
optional chain 
operation does not 
include 'null' or 
'undefined' in its 
type, therefore the 
'?.' operator can be 
replaced with the '.' 
operator. Find more at 
https://v21.angular.dev
/extended-diagnostics/N
G8107[0m 
[1m[35m[plugin 
angular-compiler][0m
    apps/quetzaltic-ui/
src/app/operations/oper
ations.component.html:1
71:107:
[37m      171 Ôöé 
...izados [{{ 
previewData?.table 
}}]: {{ previewData?.[
32mcount[37m }}</div>
          ÔòÁ          
                       
                      
[32m~~~~~[0m
  Warning occurs in 
the template of 
component 
OperationsComponent.
    apps/quetzaltic-ui/
src/app/operations/oper
ations.component.ts:10:
17:
[37m      10 Ôöé     
templateUrl: [32m'./op
erations.component.html
'[37m,
         ÔòÁ           
       [32m~~~~~~~~~~~
~~~~~~~~~~~~~~~~~~[0m
[33mÔû▓ [43;33m[[43;
30mWARNING[43;33m][0m
 [1mNG8107: NG8107: 
The left side of this 
optional chain 
operation does not 
include 'null' or 
'undefined' in its 
type, therefore the 
'?.' operator can be 
replaced with the '.' 
operator. Find more at 
https://v21.angular.dev
/extended-diagnostics/N
G8107[0m 
[1m[35m[plugin 
angular-compiler][0m
    apps/quetzaltic-ui/
src/app/operations/oper
ations.component.html:1
72:73:
[37m      172 Ôöé 
...00">> Coincidencia 
por: {{ previewData?.[
32mpkColumn[37m }} / 
WHERE</div>
          ÔòÁ          
                       
           
[32m~~~~~~~~[0m
  Warning occurs in 
the template of 
component 
OperationsComponent.
    apps/quetzaltic-ui/
src/app/operations/oper
ations.component.ts:10:
17:
[37m      10 Ôöé     
templateUrl: [32m'./op
erations.component.html
'[37m,
         ÔòÁ           
       [32m~~~~~~~~~~~
~~~~~~~~~~~~~~~~~~[0m
[39m[22m[1m[33m[33
mÔû▓ [43;33m[[43;30mW
ARNING[43;33m][0m 
[1mNG8107: NG8107: 
The left side of this 
optional chain 
operation does not 
include 'null' or 
'undefined' in its 
type, therefore the 
'?.' operator can be 
replaced with the '.' 
operator. Find more at 
https://v21.angular.dev
/extended-diagnostics/N
G8107[0m 
[1m[35m[plugin 
angular-compiler][0m
    apps/quetzaltic-ui/
src/app/operations/oper
ations.component.html:1
74:136:
[37m      174 Ôöé 
...w-x-auto">{{ formatJ
son(previewData?.[32mr
ecords[37m?.[0]?.data)
 }}</pre>
          ÔòÁ          
                       
        
[32m~~~~~~~[0m
  Warning occurs in 
the template of 
component 
OperationsComponent.
    apps/quetzaltic-ui/
src/app/operations/oper
ations.component.ts:10:
17:
[37m      10 Ôöé     
templateUrl: [32m'./op
erations.component.html
'[37m,
         ÔòÁ           
       [32m~~~~~~~~~~~
~~~~~~~~~~~~~~~~~~[0m
[33mÔû▓ [43;33m[[43;
30mWARNING[43;33m][0m
 [1mNG8107: NG8107: 
The left side of this 
optional chain 
operation does not 
include 'null' or 
'undefined' in its 
type, therefore the 
'?.' operator can be 
replaced with the '.' 
operator. Find more at 
https://v21.angular.dev
/extended-diagnostics/N
G8107[0m 
[1m[35m[plugin 
angular-compiler][0m
    apps/quetzaltic-ui/
src/app/operations/oper
ations.component.html:1
81:35:
[37m      181 Ôöé ... 
  <div *ngIf="previewDa
ta?.[32mrecords[37m?.
[0]?.resolutions && 
objec...
          ÔòÁ          
                      
[32m~~~~~~~[0m
  Warning occurs in 
the template of 
component 
OperationsComponent.
    apps/quetzaltic-ui/
src/app/operations/oper
ations.component.ts:10:
17:
[37m      10 Ôöé     
templateUrl: [32m'./op
erations.component.html
'[37m,
         ÔòÁ           
       [32m~~~~~~~~~~~
~~~~~~~~~~~~~~~~~~[0m
[33mÔû▓ [43;33m[[43;
30mWARNING[43;33m][0m
 [1mNG8107: NG8107: 
The left side of this 
optional chain 
operation does not 
include 'null' or 
'undefined' in its 
type, therefore the 
'?.' operator can be 
replaced with the '.' 
operator. Find more at 
https://v21.angular.dev
/extended-[39m[22m[1
m[33mdiagnostics/NG810
7[0m [1m[35m[plugin 
angular-compiler][0m
    apps/quetzaltic-ui/
src/app/operations/oper
ations.component.html:1
81:88:
[37m      181 Ôöé ... 
&& objectKeys(previewDa
ta?.[32mrecords[37m?.
[0]?.resolutions).lengt
h ...
          ÔòÁ          
                      
[32m~~~~~~~[0m
  Warning occurs in 
the template of 
component 
OperationsComponent.
    apps/quetzaltic-ui/
src/app/operations/oper
ations.component.ts:10:
17:
[37m      10 Ôöé     
templateUrl: [32m'./op
erations.component.html
'[37m,
         ÔòÁ           
       [32m~~~~~~~~~~~
~~~~~~~~~~~~~~~~~~[0m
[33mÔû▓ [43;33m[[43;
30mWARNING[43;33m][0m
 [1mNG8107: NG8107: 
The left side of this 
optional chain 
operation does not 
include 'null' or 
'undefined' in its 
type, therefore the 
'?.' operator can be 
replaced with the '.' 
operator. Find more at 
https://v21.angular.dev
/extended-diagnostics/N
G8107[0m 
[1m[35m[plugin 
angular-compiler][0m
    apps/quetzaltic-ui/
src/app/operations/oper
ations.component.html:1
83:141:
[37m      183 Ôöé 
...o">{{ formatJson(pre
viewData?.[32mrecords
[37m?.[0]?.resolutions)
 }}</pre>
          ÔòÁ          
                       
 [32m~~~~~~~[0m
  Warning occurs in 
the template of 
component 
OperationsComponent.
    apps/quetzaltic-ui/
src/app/operations/oper
ations.component.ts:10:
17:
[37m      10 Ôöé     
templateUrl: [32m'./op
erations.component.html
'[37m,
         ÔòÁ           
       [32m~~~~~~~~~~~
~~~~~~~~~~~~~~~~~~[0m
[33mÔû▓ [43;33m[[43;
30mWARNING[43;33m][0m
 [1mNG8107: NG8107: 
The left side of this 
optional chain 
operation does not 
include 'null' or 
'undefined' in its 
type, therefore the 
'?.' operator can be 
replaced with the '.' 
operator. Find more at 
https://v21.angular.dev
/extended-diagnostics/N
G8107[0m 
[1m[35m[plugin 
angular-compiler][0m
    apps/quetzaltic-ui/
src/app/operations/oper
ations.component.html:1
98:143:
[37m      198 Ôöé ... 
text-xs">{{ formatJson(
previewData?.[32mrecor
ds[37m?.[0]?.data) 
}}</pre>
          ÔòÁ          
                       
   [39m[22m[1m[33m 
    [32m~~~~~~~[0m
  Warning occurs in 
the template of 
component 
OperationsComponent.
    apps/quetzaltic-ui/
src/app/operations/oper
ations.component.ts:10:
17:
[37m      10 Ôöé     
templateUrl: [32m'./op
erations.component.html
'[37m,
         ÔòÁ           
       [32m~~~~~~~~~~~
~~~~~~~~~~~~~~~~~~[0m
[39m[22m
[37mPage reload sent to client(s).[39m
[2m9:13:41 a.m.[22m 
[31m[1m[vite][22m[39
m [31mhttp proxy 
error: /api/governance/
lockdown/status[39m
AggregateError 
[ECONNREFUSED]: 
    at internalConnectM
ultiple 
(node:net:1134:18)
    at 
afterConnectMultiple 
(node:net:1715:7)
[2m9:13:41 a.m.[22m 
[31m[1m[vite][22m[39
m [31mhttp proxy 
error: 
/api/test-oscar[39m
AggregateError 
[ECONNREFUSED]: 
    at internalConnectM
ultiple 
(node:net:1134:18)
    at 
afterConnectMultiple 
(node:net:1715:7)
